{
    "Parameters: --download_method fastq-dl": {
        "content": [
            "null",
            [
                
            ],
            [
                
            ],
            [
                
            ],
            "nf_core_fetchngs_software_versions.yml"
        ],
        "timestamp": "2026-04-13T15:11:58.713854",
        "meta": {
            "nf-test": "0.9.5",
            "nextflow": "25.10.4"
        }
    }
}