{
    "Should run without failures": {
        "content": [
            [
                "versions.yml:md5,7c79d8a8b8e752bb3fc96b5ff08ae45e"
            ]
        ],
        "meta": {
            "nf-test": "0.8.4",
            "nextflow": "24.04.4"
        },
        "timestamp": "2024-09-16T05:22:47.930655145"
    }
}