{
    "Function sraCurateSamplesheetWarn": {
        "content": null,
        "timestamp": "2024-01-19T16:37:05.668505"
    },
    "Function sraCheckENAMetadataFields [success]": {
        "content": null,
        "timestamp": "2024-01-19T16:36:51.121603"
    },
    "Function isSraId": {
        "content": [
            true
        ],
        "timestamp": "2024-01-19T16:36:43.68958"
    }
}