{
    "Should run without failures": {
        "content": [
            {
                "0": [
                    "multiqc_config.yml:md5,7f3cb10fff83ba9eb3e8fa6862d1290a"
                ],
                "1": [
                    "versions.yml:md5,c75e3e07b124e83f49a44d9bc31bd8e8"
                ],
                "versions": [
                    "versions.yml:md5,c75e3e07b124e83f49a44d9bc31bd8e8"
                ],
                "yml": [
                    "multiqc_config.yml:md5,7f3cb10fff83ba9eb3e8fa6862d1290a"
                ]
            }
        ],
        "meta": {
            "nf-test": "0.8.4",
            "nextflow": "24.04.4"
        },
        "timestamp": "2024-09-16T04:34:17.43270068"
    }
}