{
    "Should run without failures": {
        "content": [
            {
                "0": [
                    "multiqc_config.yml:md5,7f3cb10fff83ba9eb3e8fa6862d1290a"
                ],
                "1": [
                    [
                        "MULTIQC_MAPPINGS_CONFIG",
                        "python",
                        "3.9.5"
                    ]
                ],
                "versions_python": [
                    [
                        "MULTIQC_MAPPINGS_CONFIG",
                        "python",
                        "3.9.5"
                    ]
                ],
                "yml": [
                    "multiqc_config.yml:md5,7f3cb10fff83ba9eb3e8fa6862d1290a"
                ]
            }
        ],
        "timestamp": "2026-05-06T16:00:30.170721088",
        "meta": {
            "nf-test": "0.9.5",
            "nextflow": "25.10.4"
        }
    }
}