{
    "Single-end": {
        "content": [
            {
                "0": [
                    
                ],
                "1": [
                    
                ],
                "reads": [
                    
                ],
                "versions": [
                    
                ]
            }
        ],
        "meta": {
            "nf-test": "0.8.4",
            "nextflow": "24.04.4"
        },
        "timestamp": "2024-09-16T04:50:04.981225374"
    },
    "Paired-end": {
        "content": [
            {
                "0": [
                    
                ],
                "1": [
                    
                ],
                "reads": [
                    
                ],
                "versions": [
                    
                ]
            }
        ],
        "meta": {
            "nf-test": "0.8.4",
            "nextflow": "24.04.4"
        },
        "timestamp": "2024-09-16T04:50:20.779727834"
    }
}