{
    "Should run without failures": {
        "content": [
            {
                "0": [
                    "samplesheet.csv:md5,ef756557b0735becd2574c2a3f5840b2"
                ],
                "1": [
                    "id_mappings.csv:md5,07262807636ce4b50102308eabdcf253"
                ],
                "2": [
                    "versions.yml:md5,410006679d5e496d8c55e58e78ca6b34"
                ],
                "mappings": [
                    "id_mappings.csv:md5,07262807636ce4b50102308eabdcf253"
                ],
                "samplesheet": [
                    "samplesheet.csv:md5,ef756557b0735becd2574c2a3f5840b2"
                ],
                "versions": [
                    "versions.yml:md5,410006679d5e496d8c55e58e78ca6b34"
                ]
            }
        ],
        "timestamp": "2023-07-06T13:16:36+0000"
    }
}