{
    "sratools/prefetch/stub": {
        "content": [
            {
                "0": [
                    [
                        {
                            "id": "test",
                            "single_end": false
                        },
                        [
                            "DRR000774.sra:md5,d41d8cd98f00b204e9800998ecf8427e"
                        ]
                    ]
                ],
                "1": [
                    "versions.yml:md5,c4e05d768270116a7245de847f18ad5a"
                ],
                "sra": [
                    [
                        {
                            "id": "test",
                            "single_end": false
                        },
                        [
                            "DRR000774.sra:md5,d41d8cd98f00b204e9800998ecf8427e"
                        ]
                    ]
                ],
                "versions": [
                    "versions.yml:md5,c4e05d768270116a7245de847f18ad5a"
                ]
            }
        ],
        "meta": {
            "nf-test": "0.8.4",
            "nextflow": "24.04.4"
        },
        "timestamp": "2024-09-16T16:48:51.621717763"
    },
    "sratools/prefetch with sralite": {
        "content": [
            {
                "0": [
                    
                ],
                "1": [
                    
                ],
                "sra": [
                    
                ],
                "versions": [
                    
                ]
            }
        ],
        "meta": {
            "nf-test": "0.8.4",
            "nextflow": "24.04.4"
        },
        "timestamp": "2024-09-16T04:49:40.146972356"
    },
    "sratools/prefetch": {
        "content": [
            {
                "0": [
                    
                ],
                "1": [
                    
                ],
                "sra": [
                    
                ],
                "versions": [
                    
                ]
            }
        ],
        "meta": {
            "nf-test": "0.8.4",
            "nextflow": "24.04.4"
        },
        "timestamp": "2024-09-16T04:49:13.529179115"
    }
}