{
    "sratools/prefetch/stub": {
        "content": [
            {
                "0": [
                    [
                        {
                            "id": "test",
                            "single_end": false
                        },
                        [
                            "DRR000774.sra:md5,d41d8cd98f00b204e9800998ecf8427e"
                        ]
                    ]
                ],
                "1": [
                    "versions.yml:md5,afc103d69e2f31782637d7d91eba69b0"
                ],
                "sra": [
                    [
                        {
                            "id": "test",
                            "single_end": false
                        },
                        [
                            "DRR000774.sra:md5,d41d8cd98f00b204e9800998ecf8427e"
                        ]
                    ]
                ],
                "versions": [
                    "versions.yml:md5,afc103d69e2f31782637d7d91eba69b0"
                ]
            }
        ],
        "meta": {
            "nf-test": "0.8.4",
            "nextflow": "24.04.4"
        },
        "timestamp": "2024-09-16T05:23:51.982828628"
    },
    "sratools/prefetch with sralite": {
        "content": [
            {
                "0": [
                    
                ],
                "1": [
                    
                ],
                "sra": [
                    
                ],
                "versions": [
                    
                ]
            }
        ],
        "meta": {
            "nf-test": "0.8.4",
            "nextflow": "24.04.4"
        },
        "timestamp": "2024-09-16T04:49:40.146972356"
    },
    "sratools/prefetch": {
        "content": [
            {
                "0": [
                    
                ],
                "1": [
                    
                ],
                "sra": [
                    
                ],
                "versions": [
                    
                ]
            }
        ],
        "meta": {
            "nf-test": "0.8.4",
            "nextflow": "24.04.4"
        },
        "timestamp": "2024-09-16T04:49:13.529179115"
    }
}