{
    "sratools/prefetch/stub": {
        "content": [
            {
                "0": [
                    [
                        {
                            "id": "test",
                            "single_end": false
                        },
                        [
                            "DRR000774.sra:md5,d41d8cd98f00b204e9800998ecf8427e"
                        ]
                    ]
                ],
                "1": [
                    "versions.yml:md5,83d1b23f5ff5b2ad1b96d17d7d7594ee"
                ],
                "sra": [
                    [
                        {
                            "id": "test",
                            "single_end": false
                        },
                        [
                            "DRR000774.sra:md5,d41d8cd98f00b204e9800998ecf8427e"
                        ]
                    ]
                ],
                "versions": [
                    "versions.yml:md5,83d1b23f5ff5b2ad1b96d17d7d7594ee"
                ]
            }
        ],
        "meta": {
            "nf-test": "0.9.0",
            "nextflow": "24.04.4"
        },
        "timestamp": "2024-09-17T09:24:17.373992"
    },
    "sratools/prefetch with sralite": {
        "content": [
            {
                "0": [
                    [
                        {
                            "id": "test",
                            "single_end": false
                        },
                        [
                            "SRR1170046.sralite:md5,7acfce556ca0951aff49d780899c105b"
                        ]
                    ]
                ],
                "1": [
                    "versions.yml:md5,83d1b23f5ff5b2ad1b96d17d7d7594ee"
                ],
                "sra": [
                    [
                        {
                            "id": "test",
                            "single_end": false
                        },
                        [
                            "SRR1170046.sralite:md5,7acfce556ca0951aff49d780899c105b"
                        ]
                    ]
                ],
                "versions": [
                    "versions.yml:md5,83d1b23f5ff5b2ad1b96d17d7d7594ee"
                ]
            }
        ],
        "meta": {
            "nf-test": "0.9.0",
            "nextflow": "24.04.4"
        },
        "timestamp": "2024-09-17T09:24:02.118978"
    },
    "sratools/prefetch": {
        "content": [
            {
                "0": [
                    [
                        {
                            "id": "test",
                            "single_end": false
                        },
                        [
                            "DRR000774.sra:md5,7647dba20c89c0e3d7ad13842f060eb0"
                        ]
                    ]
                ],
                "1": [
                    "versions.yml:md5,83d1b23f5ff5b2ad1b96d17d7d7594ee"
                ],
                "sra": [
                    [
                        {
                            "id": "test",
                            "single_end": false
                        },
                        [
                            "DRR000774.sra:md5,7647dba20c89c0e3d7ad13842f060eb0"
                        ]
                    ]
                ],
                "versions": [
                    "versions.yml:md5,83d1b23f5ff5b2ad1b96d17d7d7594ee"
                ]
            }
        ],
        "meta": {
            "nf-test": "0.9.0",
            "nextflow": "24.04.4"
        },
        "timestamp": "2024-09-17T09:21:54.739086"
    }
}