{
    "Should run without failures": {
        "content": [
            {
                "0": [
                    
                ],
                "1": [
                    
                ],
                "2": [
                    
                ],
                "fastq": [
                    
                ],
                "md5": [
                    
                ],
                "versions_aspera_cli": [
                    
                ]
            }
        ],
        "timestamp": "2026-04-13T14:22:29.430112",
        "meta": {
            "nf-test": "0.9.5",
            "nextflow": "25.10.4"
        }
    }
}