{
    "Should run without failures - stub": {
        "content": [
            {
                "0": [
                    
                ],
                "1": [
                    
                ],
                "2": [
                    
                ],
                "fastq": [
                    
                ],
                "md5": [
                    
                ],
                "versions_aspera_cli": [
                    
                ]
            }
        ],
        "timestamp": "2026-05-06T14:42:22.315537",
        "meta": {
            "nf-test": "0.9.5",
            "nextflow": "25.10.4"
        }
    },
    "Should run without failures": {
        "content": [
            {
                "0": [
                    
                ],
                "1": [
                    
                ],
                "2": [
                    
                ],
                "fastq": [
                    
                ],
                "md5": [
                    
                ],
                "versions_aspera_cli": [
                    
                ]
            }
        ],
        "timestamp": "2026-05-06T14:42:10.595261",
        "meta": {
            "nf-test": "0.9.5",
            "nextflow": "25.10.4"
        }
    }
}