{
    "metadata": {
        "content": [
            "DRR026872.runinfo_ftp.tsv:md5,c5ab92f6f50717b8163580b642b37aec",
            "DRR028935.runinfo_ftp.tsv:md5,9db5d6cba5ce2cccd9b2cc3faaa092e2",
            "ERR1109373.runinfo_ftp.tsv:md5,d1717cb1638950b7af22ec1b976616a4",
            "ERR1160846.runinfo_ftp.tsv:md5,5611622d583e6bc6d45d8f934696ff1e",
            "GSE214215.runinfo_ftp.tsv:md5,4224b5733b92daa40689538de9498ab9",
            "GSM4907283.runinfo_ftp.tsv:md5,92591968fa8fa37a9f7160fe8ada11a2",
            "SRR12848126.runinfo_ftp.tsv:md5,9563f91d4cc6aa58d2ed5fba2eb30baf",
            "SRR13191702.runinfo_ftp.tsv:md5,94378c448c044b3e20e5c54e442ab62e",
            "SRR14593545.runinfo_ftp.tsv:md5,302271a4a1d99865362d0228e6439580",
            "SRR14709033.runinfo_ftp.tsv:md5,e059c4a0dfdddd70c1998a1ea9c1e65f",
            "SRR9984183.runinfo_ftp.tsv:md5,1e299191d23e0f3bd0aabf98c9d8133e"
        ],
        "timestamp": "2023-05-24T02:38:17+0000"
    },
    "samplesheet": {
        "content": [
            "id_mappings.csv:md5,07262807636ce4b50102308eabdcf253",
            "multiqc_config.yml:md5,a24e0e280fa03b95bb678c17e4c36d93"
        ],
        "timestamp": "2023-05-24T02:38:17+0000"
    },
    "software_versions": {
        "content": [
            {
                "CUSTOM_DUMPSOFTWAREVERSIONS": {
                    "python": "3.11.0",
                    "yaml": "6.0"
                },
                "MULTIQC_MAPPINGS_CONFIG": {
                    "python": "3.9.5"
                },
                "SRA_IDS_TO_RUNINFO": {
                    "python": "3.9.5"
                },
                "SRA_MERGE_SAMPLESHEET": {
                    "sed": "4.7"
                },
                "SRA_RUNINFO_TO_FTP": {
                    "python": "3.9.5"
                },
                "Workflow": {
                    "nf-core/fetchngs": "1.11.0dev"
                }
            }
        ],
        "timestamp": "2023-05-24T02:38:17+0000"
    }
}