{
    "Parameters: default": {
        "content": [
            "samplesheet.csv",
            [
                "id_mappings.csv:md5,3e41ce6ab19feb76f2b20fa77a910ad3"
            ],
            [
                "multiqc_config.yml:md5,1ac06bb95b503703430e74660bbdd768"
            ],
            [
                {
                    "base_count": "194930",
                    "experiment_accession": "DRX026011",
                    "experiment_alias": "DRX026011",
                    "experiment_title": "Illumina HiSeq 2500 paired end sequencing: Illumina HiSeq 2500 paired end sequencing of SAMD00024405",
                    "fastq_1": "DRX026011_DRR028935_1.fastq.gz:md5,f9b4a5d25aa7d6ab4050dbe0764eb04d",
                    "fastq_2": "DRX026011_DRR028935_2.fastq.gz:md5,dc0d2e1fc46f4d4581a477f87ec3ff15",
                    "fastq_aspera": "fasp.sra.ebi.ac.uk:/vol1/fastq/DRR028/DRR028935/DRR028935_1.fastq.gz;fasp.sra.ebi.ac.uk:/vol1/fastq/DRR028/DRR028935/DRR028935_2.fastq.gz",
                    "fastq_bytes": "60275;61610",
                    "fastq_ftp": "ftp.sra.ebi.ac.uk/vol1/fastq/DRR028/DRR028935/DRR028935_1.fastq.gz;ftp.sra.ebi.ac.uk/vol1/fastq/DRR028/DRR028935/DRR028935_2.fastq.gz",
                    "fastq_galaxy": "ftp.sra.ebi.ac.uk/vol1/fastq/DRR028/DRR028935/DRR028935_1.fastq.gz;ftp.sra.ebi.ac.uk/vol1/fastq/DRR028/DRR028935/DRR028935_2.fastq.gz",
                    "fastq_md5": "cc01df82a9354bb6b3be93483b20c35a;941c9998d746416dad53c94c480ddf30",
                    "id": "DRX026011_DRR028935",
                    "instrument_model": "Illumina HiSeq 2500",
                    "instrument_platform": "ILLUMINA",
                    "library_layout": "PAIRED",
                    "library_name": "day0_BbSQE-I",
                    "library_selection": "cDNA",
                    "library_source": "TRANSCRIPTOMIC",
                    "library_strategy": "RNA-Seq",
                    "md5_1": "cc01df82a9354bb6b3be93483b20c35a",
                    "md5_2": "941c9998d746416dad53c94c480ddf30",
                    "read_count": "965",
                    "run_accession": "DRR028935",
                    "run_alias": "DRR028935",
                    "sample_accession": "SAMD00024405",
                    "sample_alias": "SAMD00024405",
                    "sample_description": "Liquid culture",
                    "sample_title": "Botryococcus braunii Showa at day 0 after inoculation into fresh culture medium",
                    "scientific_name": "Botryococcus braunii Showa",
                    "secondary_sample_accession": "DRS019431",
                    "secondary_study_accession": "DRP002616",
                    "single_end": false,
                    "study_accession": "PRJDB3420",
                    "study_alias": "DRP002616",
                    "study_title": "Liquid culture of Botryococcus braunii, race B, Showa",
                    "submission_accession": "DRA002949",
                    "tax_id": "1202541"
                },
                {
                    "base_count": "1996273",
                    "experiment_accession": "SRX6725035",
                    "experiment_alias": "Emb289P1_bin131",
                    "experiment_title": "Illumina HiSeq 2500 sequencing: Binning of metagenomic reads from the P1 gut compartment of Embiratermes neotenicus",
                    "fastq_1": "SRX6725035_SRR9984183.fastq.gz:md5,c9b4c2c4abf19da7082caf442fdefea7",
                    "fastq_2": "",
                    "fastq_aspera": "fasp.sra.ebi.ac.uk:/vol1/fastq/SRR998/003/SRR9984183/SRR9984183.fastq.gz",
                    "fastq_bytes": "605358",
                    "fastq_ftp": "ftp.sra.ebi.ac.uk/vol1/fastq/SRR998/003/SRR9984183/SRR9984183.fastq.gz",
                    "fastq_galaxy": "ftp.sra.ebi.ac.uk/vol1/fastq/SRR998/003/SRR9984183/SRR9984183.fastq.gz",
                    "fastq_md5": "0b512d2dc31685983456bd56fd836544",
                    "id": "SRX6725035_SRR9984183",
                    "instrument_model": "Illumina HiSeq 2500",
                    "instrument_platform": "ILLUMINA",
                    "library_layout": "SINGLE",
                    "library_name": "Emb289P1_bin131",
                    "library_selection": "RANDOM",
                    "library_source": "METAGENOMIC",
                    "library_strategy": "WGS",
                    "md5_1": "0b512d2dc31685983456bd56fd836544",
                    "md5_2": "",
                    "read_count": "58",
                    "run_accession": "SRR9984183",
                    "run_alias": "Emb289P1_bin131.fastq",
                    "sample_accession": "SAMN12581720",
                    "sample_alias": "Emb289P1_bin131",
                    "sample_description": "Keywords: GSC:MIxS MIMAG:5.0",
                    "sample_title": "MIMAG Metagenome-assembled Genome sample from Defluviitaleaceae bacterium",
                    "scientific_name": "Defluviitaleaceae bacterium",
                    "secondary_sample_accession": "SRS5277011",
                    "secondary_study_accession": "SRP218535",
                    "single_end": true,
                    "study_accession": "PRJNA560329",
                    "study_alias": "PRJNA560329",
                    "study_title": "Phylogenomic analysis of 589 metagenome-assembled genomes encompassing all major prokaryotic lineages from the gut of higher termites",
                    "submission_accession": "SRA942061",
                    "tax_id": "2660712"
                },
                {
                    "base_count": "35658",
                    "experiment_accession": "ERX1234253",
                    "experiment_alias": "qiita_ptid_1263:10317.BLANK.93.3E.r22",
                    "experiment_title": "Illumina HiSeq 2500 sequencing: qiita_ptid_1263:10317.BLANK.93.3E.r22",
                    "fastq_1": "ERX1234253_ERR1160846.fastq.gz:md5,b1de59f829fbd2d60a1ed4bc3da55709",
                    "fastq_2": "",
                    "fastq_aspera": "fasp.sra.ebi.ac.uk:/vol1/fastq/ERR116/006/ERR1160846/ERR1160846.fastq.gz",
                    "fastq_bytes": "18077",
                    "fastq_ftp": "ftp.sra.ebi.ac.uk/vol1/fastq/ERR116/006/ERR1160846/ERR1160846.fastq.gz",
                    "fastq_galaxy": "ftp.sra.ebi.ac.uk/vol1/fastq/ERR116/006/ERR1160846/ERR1160846.fastq.gz",
                    "fastq_md5": "5924f20ef547ebdfed7cad795bbab6e6",
                    "id": "ERX1234253_ERR1160846",
                    "instrument_model": "Illumina HiSeq 2500",
                    "instrument_platform": "ILLUMINA",
                    "library_layout": "SINGLE",
                    "library_name": "10317.BLANK.93.3E.r22",
                    "library_selection": "PCR",
                    "library_source": "METAGENOMIC",
                    "library_strategy": "AMPLICON",
                    "md5_1": "5924f20ef547ebdfed7cad795bbab6e6",
                    "md5_2": "",
                    "read_count": "283",
                    "run_accession": "ERR1160846",
                    "run_alias": "qiita_ppdid_706:10317.BLANK.93.3E.r22",
                    "sample_accession": "SAMEA3687214",
                    "sample_alias": "qiita_sid_10317:10317.BLANK.93.3E.r22",
                    "sample_description": "American Gut control",
                    "sample_title": "10317.BLANK.93.3E.r22",
                    "scientific_name": "metagenome",
                    "secondary_sample_accession": "ERS994363",
                    "secondary_study_accession": "ERP012803",
                    "single_end": true,
                    "study_accession": "PRJEB11419",
                    "study_alias": "qiita_sid_10317",
                    "study_title": "American Gut Project",
                    "submission_accession": "ERA541392",
                    "tax_id": "256318"
                }
            ],
            [
                "versions.yml:md5,1496d1cbc9041e07ab8a0c25f0b054d9",
                "versions.yml:md5,9b17045ca8bdc272cb3f9d349a81d206",
                "versions.yml:md5,b52279f7d6b891a6523d9321f3f85b47",
                "versions.yml:md5,c19fc0f920e57875881761cc944a46d7"
            ]
        ],
        "meta": {
            "nf-test": "0.9.0",
            "nextflow": "24.09.2"
        },
        "timestamp": "2024-10-15T13:35:40.78967"
    }
}