{
    "Parameters: --force_sratools_download": {
        "content": [
            {
                "0": [
                    
                ],
                "1": [
                    "samplesheet.csv:md5,81856795ac19f44aeb72ae5b3042e609"
                ],
                "2": [
                    "id_mappings.csv:md5,ca34293cf91a004ea52627dd8b58a43a"
                ],
                "3": [
                    [
                        "multiqc_config.yml:md5,6d4c3e5137704358474330207f5f2b5c",
                        "versions.yml:md5,1496d1cbc9041e07ab8a0c25f0b054d9"
                    ]
                ],
                "4": [
                    "versions.yml:md5,1496d1cbc9041e07ab8a0c25f0b054d9",
                    "versions.yml:md5,45e4a369df2d3af023b8622aa3f6d5a8",
                    "versions.yml:md5,9b17045ca8bdc272cb3f9d349a81d206",
                    "versions.yml:md5,b52279f7d6b891a6523d9321f3f85b47"
                ],
                "fastq": [
                    
                ],
                "mappings": [
                    "id_mappings.csv:md5,ca34293cf91a004ea52627dd8b58a43a"
                ],
                "sample_mappings": [
                    [
                        "multiqc_config.yml:md5,6d4c3e5137704358474330207f5f2b5c",
                        "versions.yml:md5,1496d1cbc9041e07ab8a0c25f0b054d9"
                    ]
                ],
                "samplesheet": [
                    "samplesheet.csv:md5,81856795ac19f44aeb72ae5b3042e609"
                ],
                "versions": [
                    "versions.yml:md5,1496d1cbc9041e07ab8a0c25f0b054d9",
                    "versions.yml:md5,45e4a369df2d3af023b8622aa3f6d5a8",
                    "versions.yml:md5,9b17045ca8bdc272cb3f9d349a81d206",
                    "versions.yml:md5,b52279f7d6b891a6523d9321f3f85b47"
                ]
            }
        ],
        "timestamp": "2024-01-06T20:32:48.107479"
    }
}