{
    "Parameters: --skip_fastq_download": {
        "content": [
            {
                "0": [
                    
                ],
                "1": [
                    "samplesheet.csv:md5,eb18025bb1cb97a4fe399ca16757d2db"
                ],
                "2": [
                    "id_mappings.csv:md5,f7c0bd1713fe14917b4298e252312296"
                ],
                "3": [
                    [
                        "multiqc_config.yml:md5,6d4c3e5137704358474330207f5f2b5c",
                        "versions.yml:md5,1496d1cbc9041e07ab8a0c25f0b054d9"
                    ]
                ],
                "4": [
                    "versions.yml:md5,1496d1cbc9041e07ab8a0c25f0b054d9",
                    "versions.yml:md5,9b17045ca8bdc272cb3f9d349a81d206",
                    "versions.yml:md5,b52279f7d6b891a6523d9321f3f85b47"
                ],
                "fastq": [
                    
                ],
                "mappings": [
                    "id_mappings.csv:md5,f7c0bd1713fe14917b4298e252312296"
                ],
                "sample_mappings": [
                    [
                        "multiqc_config.yml:md5,6d4c3e5137704358474330207f5f2b5c",
                        "versions.yml:md5,1496d1cbc9041e07ab8a0c25f0b054d9"
                    ]
                ],
                "samplesheet": [
                    "samplesheet.csv:md5,eb18025bb1cb97a4fe399ca16757d2db"
                ],
                "versions": [
                    "versions.yml:md5,1496d1cbc9041e07ab8a0c25f0b054d9",
                    "versions.yml:md5,9b17045ca8bdc272cb3f9d349a81d206",
                    "versions.yml:md5,b52279f7d6b891a6523d9321f3f85b47"
                ]
            }
        ],
        "timestamp": "2024-01-05T17:08:15.42871"
    }
}