{
    "Parameters: --nf_core_pipeline rnaseq": {
        "content": [
            {
                "0": [
                    [
                        {
                            "id": "DRX024467_DRR026872",
                            "run_accession": "DRR026872",
                            "experiment_accession": "DRX024467",
                            "sample_accession": "SAMD00023098",
                            "secondary_sample_accession": "DRS033740",
                            "study_accession": "PRJDB4356",
                            "secondary_study_accession": "DRP003256",
                            "submission_accession": "DRA002758",
                            "run_alias": "DRR026872",
                            "experiment_alias": "DRX024467",
                            "sample_alias": "SAMD00023098",
                            "study_alias": "DRP003256",
                            "library_layout": "SINGLE",
                            "library_selection": "Restriction Digest",
                            "library_source": "GENOMIC",
                            "library_strategy": "OTHER",
                            "library_name": "IpeRAD1_3",
                            "instrument_model": "Illumina HiSeq 2500",
                            "instrument_platform": "ILLUMINA",
                            "base_count": "62550",
                            "read_count": "417",
                            "tax_id": "35883",
                            "scientific_name": "Ipomoea nil",
                            "sample_title": "F2 plant dreived from a cross between Tokyo Kokei-standard and Africa #21",
                            "experiment_title": "Illumina HiSeq 2500 sequencing: Illumina HiSeq 2500 sequencing of SAMD00023098",
                            "study_title": "The Japanese morning glory genome sequence",
                            "sample_description": "Keywords: GSC:MIxS MIGS:6.0",
                            "fastq_md5": "515e5448c55e054113c4a22df5f62791",
                            "fastq_bytes": "38447",
                            "fastq_ftp": "ftp.sra.ebi.ac.uk/vol1/fastq/DRR026/DRR026872/DRR026872.fastq.gz",
                            "fastq_galaxy": "ftp.sra.ebi.ac.uk/vol1/fastq/DRR026/DRR026872/DRR026872.fastq.gz",
                            "fastq_aspera": "fasp.sra.ebi.ac.uk:/vol1/fastq/DRR026/DRR026872/DRR026872.fastq.gz",
                            "fastq_1": "ftp.sra.ebi.ac.uk/vol1/fastq/DRR026/DRR026872/DRR026872.fastq.gz",
                            "fastq_2": "",
                            "md5_1": "515e5448c55e054113c4a22df5f62791",
                            "md5_2": "",
                            "single_end": true
                        },
                        "DRX024467_DRR026872.fastq.gz:md5,515e5448c55e054113c4a22df5f62791"
                    ],
                    [
                        {
                            "id": "DRX026011_DRR028935",
                            "run_accession": "DRR028935",
                            "experiment_accession": "DRX026011",
                            "sample_accession": "SAMD00024405",
                            "secondary_sample_accession": "DRS019431",
                            "study_accession": "PRJDB3420",
                            "secondary_study_accession": "DRP002616",
                            "submission_accession": "DRA002949",
                            "run_alias": "DRR028935",
                            "experiment_alias": "DRX026011",
                            "sample_alias": "SAMD00024405",
                            "study_alias": "DRP002616",
                            "library_layout": "PAIRED",
                            "library_selection": "cDNA",
                            "library_source": "TRANSCRIPTOMIC",
                            "library_strategy": "RNA-Seq",
                            "library_name": "day0_BbSQE-I",
                            "instrument_model": "Illumina HiSeq 2500",
                            "instrument_platform": "ILLUMINA",
                            "base_count": "194930",
                            "read_count": "965",
                            "tax_id": "1202541",
                            "scientific_name": "Botryococcus braunii Showa",
                            "sample_title": "Botryococcus braunii Showa at day 0 after inoculation into fresh culture medium",
                            "experiment_title": "Illumina HiSeq 2500 paired end sequencing: Illumina HiSeq 2500 paired end sequencing of SAMD00024405",
                            "study_title": "Liquid culture of Botryococcus braunii, race B, Showa",
                            "sample_description": "Liquid culture",
                            "fastq_md5": "cc01df82a9354bb6b3be93483b20c35a;941c9998d746416dad53c94c480ddf30",
                            "fastq_bytes": "60275;61610",
                            "fastq_ftp": "ftp.sra.ebi.ac.uk/vol1/fastq/DRR028/DRR028935/DRR028935_1.fastq.gz;ftp.sra.ebi.ac.uk/vol1/fastq/DRR028/DRR028935/DRR028935_2.fastq.gz",
                            "fastq_galaxy": "ftp.sra.ebi.ac.uk/vol1/fastq/DRR028/DRR028935/DRR028935_1.fastq.gz;ftp.sra.ebi.ac.uk/vol1/fastq/DRR028/DRR028935/DRR028935_2.fastq.gz",
                            "fastq_aspera": "fasp.sra.ebi.ac.uk:/vol1/fastq/DRR028/DRR028935/DRR028935_1.fastq.gz;fasp.sra.ebi.ac.uk:/vol1/fastq/DRR028/DRR028935/DRR028935_2.fastq.gz",
                            "fastq_1": "ftp.sra.ebi.ac.uk/vol1/fastq/DRR028/DRR028935/DRR028935_1.fastq.gz",
                            "fastq_2": "ftp.sra.ebi.ac.uk/vol1/fastq/DRR028/DRR028935/DRR028935_2.fastq.gz",
                            "md5_1": "cc01df82a9354bb6b3be93483b20c35a",
                            "md5_2": "941c9998d746416dad53c94c480ddf30",
                            "single_end": false
                        },
                        [
                            "DRX026011_DRR028935_1.fastq.gz:md5,cc01df82a9354bb6b3be93483b20c35a",
                            "DRX026011_DRR028935_2.fastq.gz:md5,941c9998d746416dad53c94c480ddf30"
                        ]
                    ],
                    [
                        {
                            "id": "ERX1188904_ERR1109373",
                            "run_accession": "ERR1109373",
                            "experiment_accession": "ERX1188904",
                            "sample_accession": "SAMEA3643867",
                            "secondary_sample_accession": "ERS951016",
                            "study_accession": "PRJEB11633",
                            "secondary_study_accession": "ERP013030",
                            "submission_accession": "ERA528939",
                            "run_alias": "ena-RUN-CAM-03-11-2015-17:01:52:847-7",
                            "experiment_alias": "ena-EXPERIMENT-CAM-03-11-2015-17:01:52:847-7",
                            "sample_alias": "sample_56",
                            "study_alias": "ena-STUDY-CAM-02-11-2015-17:42:24:189-13",
                            "library_layout": "PAIRED",
                            "library_selection": "RT-PCR",
                            "library_source": "TRANSCRIPTOMIC",
                            "library_strategy": "RNA-Seq",
                            "library_name": "unspecified",
                            "instrument_model": "Illumina HiSeq 2500",
                            "instrument_platform": "ILLUMINA",
                            "base_count": "29700",
                            "read_count": "169",
                            "tax_id": "63433",
                            "scientific_name": "Leptopilina boulardi",
                            "sample_title": "RNA-Seq reads mapped onto L. Boulardi Toti-like virus genome",
                            "experiment_title": "Illumina HiSeq 2500 paired end sequencing",
                            "study_title": "Total RNA from abdomen and head of L. boulardi females and alignment of the RNA-Seq reads against the genome of L. boulardi Toti-like Virus.",
                            "sample_description": "RNA-Seq reads mapped onto L. Boulardi Toti-like virus genome",
                            "fastq_md5": "8d7d7b854d0207d1226477a30103fade;9fd57225d6c07a31843276d6df9b15c0;5a62e8f785687dce890cfb4fe3e607f9",
                            "fastq_bytes": "3221;8151;8118",
                            "fastq_ftp": "ftp.sra.ebi.ac.uk/vol1/fastq/ERR110/003/ERR1109373/ERR1109373.fastq.gz;ftp.sra.ebi.ac.uk/vol1/fastq/ERR110/003/ERR1109373/ERR1109373_1.fastq.gz;ftp.sra.ebi.ac.uk/vol1/fastq/ERR110/003/ERR1109373/ERR1109373_2.fastq.gz",
                            "fastq_galaxy": "ftp.sra.ebi.ac.uk/vol1/fastq/ERR110/003/ERR1109373/ERR1109373.fastq.gz;ftp.sra.ebi.ac.uk/vol1/fastq/ERR110/003/ERR1109373/ERR1109373_1.fastq.gz;ftp.sra.ebi.ac.uk/vol1/fastq/ERR110/003/ERR1109373/ERR1109373_2.fastq.gz",
                            "fastq_aspera": "fasp.sra.ebi.ac.uk:/vol1/fastq/ERR110/003/ERR1109373/ERR1109373.fastq.gz;fasp.sra.ebi.ac.uk:/vol1/fastq/ERR110/003/ERR1109373/ERR1109373_1.fastq.gz;fasp.sra.ebi.ac.uk:/vol1/fastq/ERR110/003/ERR1109373/ERR1109373_2.fastq.gz",
                            "fastq_1": "ftp.sra.ebi.ac.uk/vol1/fastq/ERR110/003/ERR1109373/ERR1109373_1.fastq.gz",
                            "fastq_2": "ftp.sra.ebi.ac.uk/vol1/fastq/ERR110/003/ERR1109373/ERR1109373_2.fastq.gz",
                            "md5_1": "9fd57225d6c07a31843276d6df9b15c0",
                            "md5_2": "5a62e8f785687dce890cfb4fe3e607f9",
                            "single_end": false
                        },
                        [
                            "ERX1188904_ERR1109373_1.fastq.gz:md5,9fd57225d6c07a31843276d6df9b15c0",
                            "ERX1188904_ERR1109373_2.fastq.gz:md5,5a62e8f785687dce890cfb4fe3e607f9"
                        ]
                    ],
                    [
                        {
                            "id": "ERX1234253_ERR1160846",
                            "run_accession": "ERR1160846",
                            "experiment_accession": "ERX1234253",
                            "sample_accession": "SAMEA3687214",
                            "secondary_sample_accession": "ERS994363",
                            "study_accession": "PRJEB11419",
                            "secondary_study_accession": "ERP012803",
                            "submission_accession": "ERA541392",
                            "run_alias": "qiita_ppdid_706:10317.BLANK.93.3E.r22",
                            "experiment_alias": "qiita_ptid_1263:10317.BLANK.93.3E.r22",
                            "sample_alias": "qiita_sid_10317:10317.BLANK.93.3E.r22",
                            "study_alias": "qiita_sid_10317",
                            "library_layout": "SINGLE",
                            "library_selection": "PCR",
                            "library_source": "METAGENOMIC",
                            "library_strategy": "AMPLICON",
                            "library_name": "10317.BLANK.93.3E.r22",
                            "instrument_model": "Illumina HiSeq 2500",
                            "instrument_platform": "ILLUMINA",
                            "base_count": "35658",
                            "read_count": "283",
                            "tax_id": "256318",
                            "scientific_name": "metagenome",
                            "sample_title": "10317.BLANK.93.3E.r22",
                            "experiment_title": "Illumina HiSeq 2500 sequencing: qiita_ptid_1263:10317.BLANK.93.3E.r22",
                            "study_title": "American Gut Project",
                            "sample_description": "American Gut control",
                            "fastq_md5": "5924f20ef547ebdfed7cad795bbab6e6",
                            "fastq_bytes": "18077",
                            "fastq_ftp": "ftp.sra.ebi.ac.uk/vol1/fastq/ERR116/006/ERR1160846/ERR1160846.fastq.gz",
                            "fastq_galaxy": "ftp.sra.ebi.ac.uk/vol1/fastq/ERR116/006/ERR1160846/ERR1160846.fastq.gz",
                            "fastq_aspera": "fasp.sra.ebi.ac.uk:/vol1/fastq/ERR116/006/ERR1160846/ERR1160846.fastq.gz",
                            "fastq_1": "ftp.sra.ebi.ac.uk/vol1/fastq/ERR116/006/ERR1160846/ERR1160846.fastq.gz",
                            "fastq_2": "",
                            "md5_1": "5924f20ef547ebdfed7cad795bbab6e6",
                            "md5_2": "",
                            "single_end": true
                        },
                        "ERX1234253_ERR1160846.fastq.gz:md5,5924f20ef547ebdfed7cad795bbab6e6"
                    ],
                    [
                        {
                            "id": "SRX10940790_SRR14593545",
                            "run_accession": "SRR14593545",
                            "experiment_accession": "SRX10940790",
                            "sample_accession": "SAMN19097423",
                            "secondary_sample_accession": "SRS9020442",
                            "study_accession": "PRJNA728650",
                            "secondary_study_accession": "SRP319413",
                            "submission_accession": "SRA1234280",
                            "run_alias": "577-6_530058_19-037147 Goat_F.ab1",
                            "experiment_alias": "PRNP_2765",
                            "sample_alias": "prp_2765",
                            "study_alias": "PRJNA728650",
                            "library_layout": "PAIRED",
                            "library_selection": "PCR",
                            "library_source": "GENOMIC",
                            "library_strategy": "AMPLICON",
                            "library_name": "PRNP_2765",
                            "instrument_model": "AB 3500xL Genetic Analyzer",
                            "instrument_platform": "CAPILLARY",
                            "base_count": "828",
                            "read_count": "1",
                            "tax_id": "9925",
                            "scientific_name": "Capra hircus",
                            "sample_title": "MIGS Eukaryotic sample from Capra hircus",
                            "experiment_title": "AB 3500xL Genetic Analyzer sequencing: prp_2765",
                            "study_title": "Capra hircus Raw sequence reads",
                            "sample_description": "Keywords: GSC:MIxS MIGS:5.0",
                            "fastq_md5": "",
                            "fastq_bytes": "",
                            "fastq_ftp": "",
                            "fastq_galaxy": "",
                            "fastq_aspera": "",
                            "fastq_1": "",
                            "fastq_2": "",
                            "md5_1": "",
                            "md5_2": "",
                            "single_end": false
                        },
                        [
                            "SRX10940790_SRR14593545_1.fastq.gz:md5,6a4762cf0f1f9f5544d3735e2e07c5d3",
                            "SRX10940790_SRR14593545_2.fastq.gz:md5,cbd30715fdef457d7aa24a12f19eedf2"
                        ]
                    ],
                    [
                        {
                            "id": "SRX11047067_SRR14709033",
                            "run_accession": "SRR14709033",
                            "experiment_accession": "SRX11047067",
                            "sample_accession": "SAMN19373034",
                            "secondary_sample_accession": "SRS9115923",
                            "study_accession": "PRJNA733285",
                            "secondary_study_accession": "SRP322267",
                            "submission_accession": "SRA1239521",
                            "run_alias": "Sebastes_levis-2.fastq",
                            "experiment_alias": "Sebastes_macdonaldi-1",
                            "sample_alias": "S._macdonaldi-1",
                            "study_alias": "PRJNA733285",
                            "library_layout": "SINGLE",
                            "library_selection": "PCR",
                            "library_source": "GENOMIC",
                            "library_strategy": "AMPLICON",
                            "library_name": "Sebastes_macdonaldi-1",
                            "instrument_model": "AB 5500 Genetic Analyzer",
                            "instrument_platform": "ABI_SOLID",
                            "base_count": "153",
                            "read_count": "1",
                            "tax_id": "394693",
                            "scientific_name": "Sebastes macdonaldi",
                            "sample_title": "Sebastes_macdonaldi-1",
                            "experiment_title": "AB 5500 Genetic Analyzer sequencing: Sebastes macdonaldi",
                            "study_title": "MiSebastes: An eDNA metabarcoding primer set for rockfishes (genus Sebastes)",
                            "sample_description": "Sebastes_macdonaldi-1",
                            "fastq_md5": "",
                            "fastq_bytes": "",
                            "fastq_ftp": "",
                            "fastq_galaxy": "",
                            "fastq_aspera": "",
                            "fastq_1": "",
                            "fastq_2": "",
                            "md5_1": "",
                            "md5_2": "",
                            "single_end": true
                        },
                        "SRX11047067_SRR14709033.fastq.gz:md5,79140dd1cb3fd1c5e02d88e01f7c3eda"
                    ],
                    [
                        {
                            "id": "SRX17709227_SRR21711856",
                            "run_accession": "SRR21711856",
                            "experiment_accession": "SRX17709227",
                            "sample_accession": "SAMN31021823",
                            "secondary_sample_accession": "SRS15239723",
                            "study_accession": "PRJNA884373",
                            "secondary_study_accession": "SRP399678",
                            "submission_accession": "SRA1507236",
                            "run_alias": "GSM6601460_r1",
                            "experiment_alias": "GSM6601460_r1",
                            "sample_alias": "GSM6601460",
                            "study_alias": "GSE214215",
                            "library_layout": "SINGLE",
                            "library_selection": "cDNA",
                            "library_source": "TRANSCRIPTOMIC",
                            "library_strategy": "RNA-Seq",
                            "library_name": "GSM6601460",
                            "instrument_model": "Illumina HiSeq 4000",
                            "instrument_platform": "ILLUMINA",
                            "base_count": "573417800",
                            "read_count": "11468356",
                            "tax_id": "6239",
                            "scientific_name": "Caenorhabditis elegans",
                            "sample_title": "sham-treated worms in day 5",
                            "experiment_title": "Illumina HiSeq 4000 sequencing: GSM6601460: sham-treated worms in day 5 Caenorhabditis elegans RNA-Seq",
                            "study_title": "PM2.5 exposure induces lifespan reduction in Caenorhabditis elegans",
                            "sample_description": "sham-treated worms in day 5",
                            "fastq_md5": "7cd1402155befc87be338132d1f31f64",
                            "fastq_bytes": "447377777",
                            "fastq_ftp": "ftp.sra.ebi.ac.uk/vol1/fastq/SRR217/056/SRR21711856/SRR21711856.fastq.gz",
                            "fastq_galaxy": "ftp.sra.ebi.ac.uk/vol1/fastq/SRR217/056/SRR21711856/SRR21711856.fastq.gz",
                            "fastq_aspera": "fasp.sra.ebi.ac.uk:/vol1/fastq/SRR217/056/SRR21711856/SRR21711856.fastq.gz",
                            "fastq_1": "ftp.sra.ebi.ac.uk/vol1/fastq/SRR217/056/SRR21711856/SRR21711856.fastq.gz",
                            "fastq_2": "",
                            "md5_1": "7cd1402155befc87be338132d1f31f64",
                            "md5_2": "",
                            "single_end": true
                        },
                        "SRX17709227_SRR21711856.fastq.gz:md5,7cd1402155befc87be338132d1f31f64"
                    ],
                    [
                        {
                            "id": "SRX17709228_SRR21711855",
                            "run_accession": "SRR21711855",
                            "experiment_accession": "SRX17709228",
                            "sample_accession": "SAMN31021822",
                            "secondary_sample_accession": "SRS15239724",
                            "study_accession": "PRJNA884373",
                            "secondary_study_accession": "SRP399678",
                            "submission_accession": "SRA1507236",
                            "run_alias": "GSM6601461_r1",
                            "experiment_alias": "GSM6601461_r1",
                            "sample_alias": "GSM6601461",
                            "study_alias": "GSE214215",
                            "library_layout": "SINGLE",
                            "library_selection": "cDNA",
                            "library_source": "TRANSCRIPTOMIC",
                            "library_strategy": "RNA-Seq",
                            "library_name": "GSM6601461",
                            "instrument_model": "Illumina HiSeq 4000",
                            "instrument_platform": "ILLUMINA",
                            "base_count": "677912850",
                            "read_count": "13558257",
                            "tax_id": "6239",
                            "scientific_name": "Caenorhabditis elegans",
                            "sample_title": "PM2.5-treated worms in day 5",
                            "experiment_title": "Illumina HiSeq 4000 sequencing: GSM6601461: PM2.5-treated worms in day 5 Caenorhabditis elegans RNA-Seq",
                            "study_title": "PM2.5 exposure induces lifespan reduction in Caenorhabditis elegans",
                            "sample_description": "PM2.5-treated worms in day 5",
                            "fastq_md5": "cbe4e9f967a71593f9ec3c6edaf11c83",
                            "fastq_bytes": "529798447",
                            "fastq_ftp": "ftp.sra.ebi.ac.uk/vol1/fastq/SRR217/055/SRR21711855/SRR21711855.fastq.gz",
                            "fastq_galaxy": "ftp.sra.ebi.ac.uk/vol1/fastq/SRR217/055/SRR21711855/SRR21711855.fastq.gz",
                            "fastq_aspera": "fasp.sra.ebi.ac.uk:/vol1/fastq/SRR217/055/SRR21711855/SRR21711855.fastq.gz",
                            "fastq_1": "ftp.sra.ebi.ac.uk/vol1/fastq/SRR217/055/SRR21711855/SRR21711855.fastq.gz",
                            "fastq_2": "",
                            "md5_1": "cbe4e9f967a71593f9ec3c6edaf11c83",
                            "md5_2": "",
                            "single_end": true
                        },
                        "SRX17709228_SRR21711855.fastq.gz:md5,cbe4e9f967a71593f9ec3c6edaf11c83"
                    ],
                    [
                        {
                            "id": "SRX6725035_SRR9984183",
                            "run_accession": "SRR9984183",
                            "experiment_accession": "SRX6725035",
                            "sample_accession": "SAMN12581720",
                            "secondary_sample_accession": "SRS5277011",
                            "study_accession": "PRJNA560329",
                            "secondary_study_accession": "SRP218535",
                            "submission_accession": "SRA942061",
                            "run_alias": "Emb289P1_bin131.fastq",
                            "experiment_alias": "Emb289P1_bin131",
                            "sample_alias": "Emb289P1_bin131",
                            "study_alias": "PRJNA560329",
                            "library_layout": "SINGLE",
                            "library_selection": "RANDOM",
                            "library_source": "METAGENOMIC",
                            "library_strategy": "WGS",
                            "library_name": "Emb289P1_bin131",
                            "instrument_model": "Illumina HiSeq 2500",
                            "instrument_platform": "ILLUMINA",
                            "base_count": "1996273",
                            "read_count": "58",
                            "tax_id": "2660712",
                            "scientific_name": "Defluviitaleaceae bacterium",
                            "sample_title": "MIMAG Metagenome-assembled Genome sample from Defluviitaleaceae bacterium",
                            "experiment_title": "Illumina HiSeq 2500 sequencing: Binning of metagenomic reads from the P1 gut compartment of Embiratermes neotenicus",
                            "study_title": "Phylogenomic analysis of 589 metagenome-assembled genomes encompassing all major prokaryotic lineages from the gut of higher termites",
                            "sample_description": "Keywords: GSC:MIxS MIMAG:5.0",
                            "fastq_md5": "0b512d2dc31685983456bd56fd836544",
                            "fastq_bytes": "605358",
                            "fastq_ftp": "ftp.sra.ebi.ac.uk/vol1/fastq/SRR998/003/SRR9984183/SRR9984183.fastq.gz",
                            "fastq_galaxy": "ftp.sra.ebi.ac.uk/vol1/fastq/SRR998/003/SRR9984183/SRR9984183.fastq.gz",
                            "fastq_aspera": "fasp.sra.ebi.ac.uk:/vol1/fastq/SRR998/003/SRR9984183/SRR9984183.fastq.gz",
                            "fastq_1": "ftp.sra.ebi.ac.uk/vol1/fastq/SRR998/003/SRR9984183/SRR9984183.fastq.gz",
                            "fastq_2": "",
                            "md5_1": "0b512d2dc31685983456bd56fd836544",
                            "md5_2": "",
                            "single_end": true
                        },
                        "SRX6725035_SRR9984183.fastq.gz:md5,0b512d2dc31685983456bd56fd836544"
                    ],
                    [
                        {
                            "id": "SRX9315476_SRR12848126",
                            "run_accession": "SRR12848126",
                            "experiment_accession": "SRX9315476",
                            "sample_accession": "SAMN16455283",
                            "secondary_sample_accession": "SRS7540262",
                            "study_accession": "PRJNA670070",
                            "secondary_study_accession": "SRP287769",
                            "submission_accession": "SRA1145417",
                            "run_alias": "Longshanks_F11-N1-05_haplo.pMarkdup.chr3_focal.bam",
                            "experiment_alias": "F11-N1-05",
                            "sample_alias": "F11-N1-05",
                            "study_alias": "PRJNA670070",
                            "library_layout": "PAIRED",
                            "library_selection": "RANDOM PCR",
                            "library_source": "GENOMIC",
                            "library_strategy": "Synthetic-Long-Read",
                            "library_name": "F11-N1-05",
                            "instrument_model": "Illumina HiSeq 3000",
                            "instrument_platform": "ILLUMINA",
                            "base_count": "431758",
                            "read_count": "2954",
                            "tax_id": "10092",
                            "scientific_name": "Mus musculus domesticus",
                            "sample_title": "Longshanks_F11-N1-05",
                            "experiment_title": "Illumina HiSeq 3000 sequencing: Haplotype tagging reveals parallel formation of hybrid races in two butterfly species",
                            "study_title": "Haplotype tagging reveals parallel formation of hybrid races in two butterfly species",
                            "sample_description": "F11-N1-05",
                            "fastq_md5": "",
                            "fastq_bytes": "",
                            "fastq_ftp": "",
                            "fastq_galaxy": "",
                            "fastq_aspera": "",
                            "fastq_1": "",
                            "fastq_2": "",
                            "md5_1": "",
                            "md5_2": "",
                            "single_end": false
                        },
                        [
                            "SRX9315476_SRR12848126_1.fastq.gz:md5,03f5a34586aef9cd61f54eb26831a665",
                            "SRX9315476_SRR12848126_2.fastq.gz:md5,97701c5d884af8d96ba95d7237f3bf79"
                        ]
                    ],
                    [
                        {
                            "id": "SRX9504942_SRR13055517",
                            "run_accession": "SRR13055517",
                            "experiment_accession": "SRX9504942",
                            "sample_accession": "SAMN16793052",
                            "secondary_sample_accession": "SRS7713669",
                            "study_accession": "PRJNA678298",
                            "secondary_study_accession": "SRP292504",
                            "submission_accession": "SRA1158402",
                            "run_alias": "GSM4907283_r1",
                            "experiment_alias": "GSM4907283",
                            "sample_alias": "GSM4907283",
                            "study_alias": "GSE159787",
                            "library_layout": "PAIRED",
                            "library_selection": "other",
                            "library_source": "TRANSCRIPTOMIC",
                            "library_strategy": "OTHER",
                            "library_name": "",
                            "instrument_model": "NextSeq 550",
                            "instrument_platform": "ILLUMINA",
                            "base_count": "2246028",
                            "read_count": "29553",
                            "tax_id": "9606",
                            "scientific_name": "Homo sapiens",
                            "sample_title": "A20-35 A11A20-35 A11_ROI009PanCK+",
                            "experiment_title": "NextSeq 550 sequencing: GSM4907283: A20-35 A11A20-35 A11_ROI009PanCK+ Homo sapiens OTHER",
                            "study_title": "Temporal and Spatial Heterogeneity of Host Response to SARS-CoV-2 Pulmonary Infection [gene expression]",
                            "sample_description": "A20-35 A11A20-35 A11_ROI009PanCK+",
                            "fastq_md5": "dcf4438c0b682242ee90c5f3a803fb40;18dbe96e7f58b63406d9058938df1962",
                            "fastq_bytes": "721167;723753",
                            "fastq_ftp": "ftp.sra.ebi.ac.uk/vol1/fastq/SRR130/017/SRR13055517/SRR13055517_1.fastq.gz;ftp.sra.ebi.ac.uk/vol1/fastq/SRR130/017/SRR13055517/SRR13055517_2.fastq.gz",
                            "fastq_galaxy": "ftp.sra.ebi.ac.uk/vol1/fastq/SRR130/017/SRR13055517/SRR13055517_1.fastq.gz;ftp.sra.ebi.ac.uk/vol1/fastq/SRR130/017/SRR13055517/SRR13055517_2.fastq.gz",
                            "fastq_aspera": "fasp.sra.ebi.ac.uk:/vol1/fastq/SRR130/017/SRR13055517/SRR13055517_1.fastq.gz;fasp.sra.ebi.ac.uk:/vol1/fastq/SRR130/017/SRR13055517/SRR13055517_2.fastq.gz",
                            "fastq_1": "ftp.sra.ebi.ac.uk/vol1/fastq/SRR130/017/SRR13055517/SRR13055517_1.fastq.gz",
                            "fastq_2": "ftp.sra.ebi.ac.uk/vol1/fastq/SRR130/017/SRR13055517/SRR13055517_2.fastq.gz",
                            "md5_1": "dcf4438c0b682242ee90c5f3a803fb40",
                            "md5_2": "18dbe96e7f58b63406d9058938df1962",
                            "single_end": false
                        },
                        [
                            "SRX9504942_SRR13055517_1.fastq.gz:md5,dcf4438c0b682242ee90c5f3a803fb40",
                            "SRX9504942_SRR13055517_2.fastq.gz:md5,18dbe96e7f58b63406d9058938df1962"
                        ]
                    ],
                    [
                        {
                            "id": "SRX9504942_SRR13055518",
                            "run_accession": "SRR13055518",
                            "experiment_accession": "SRX9504942",
                            "sample_accession": "SAMN16793052",
                            "secondary_sample_accession": "SRS7713669",
                            "study_accession": "PRJNA678298",
                            "secondary_study_accession": "SRP292504",
                            "submission_accession": "SRA1158402",
                            "run_alias": "GSM4907283_r2",
                            "experiment_alias": "GSM4907283",
                            "sample_alias": "GSM4907283",
                            "study_alias": "GSE159787",
                            "library_layout": "PAIRED",
                            "library_selection": "other",
                            "library_source": "TRANSCRIPTOMIC",
                            "library_strategy": "OTHER",
                            "library_name": "",
                            "instrument_model": "NextSeq 550",
                            "instrument_platform": "ILLUMINA",
                            "base_count": "2235236",
                            "read_count": "29411",
                            "tax_id": "9606",
                            "scientific_name": "Homo sapiens",
                            "sample_title": "A20-35 A11A20-35 A11_ROI009PanCK+",
                            "experiment_title": "NextSeq 550 sequencing: GSM4907283: A20-35 A11A20-35 A11_ROI009PanCK+ Homo sapiens OTHER",
                            "study_title": "Temporal and Spatial Heterogeneity of Host Response to SARS-CoV-2 Pulmonary Infection [gene expression]",
                            "sample_description": "A20-35 A11A20-35 A11_ROI009PanCK+",
                            "fastq_md5": "5ec894d863fcefe394470a0925aefde4;aead170df9851773d5202b5760c76d76",
                            "fastq_bytes": "717693;723429",
                            "fastq_ftp": "ftp.sra.ebi.ac.uk/vol1/fastq/SRR130/018/SRR13055518/SRR13055518_1.fastq.gz;ftp.sra.ebi.ac.uk/vol1/fastq/SRR130/018/SRR13055518/SRR13055518_2.fastq.gz",
                            "fastq_galaxy": "ftp.sra.ebi.ac.uk/vol1/fastq/SRR130/018/SRR13055518/SRR13055518_1.fastq.gz;ftp.sra.ebi.ac.uk/vol1/fastq/SRR130/018/SRR13055518/SRR13055518_2.fastq.gz",
                            "fastq_aspera": "fasp.sra.ebi.ac.uk:/vol1/fastq/SRR130/018/SRR13055518/SRR13055518_1.fastq.gz;fasp.sra.ebi.ac.uk:/vol1/fastq/SRR130/018/SRR13055518/SRR13055518_2.fastq.gz",
                            "fastq_1": "ftp.sra.ebi.ac.uk/vol1/fastq/SRR130/018/SRR13055518/SRR13055518_1.fastq.gz",
                            "fastq_2": "ftp.sra.ebi.ac.uk/vol1/fastq/SRR130/018/SRR13055518/SRR13055518_2.fastq.gz",
                            "md5_1": "5ec894d863fcefe394470a0925aefde4",
                            "md5_2": "aead170df9851773d5202b5760c76d76",
                            "single_end": false
                        },
                        [
                            "SRX9504942_SRR13055518_1.fastq.gz:md5,5ec894d863fcefe394470a0925aefde4",
                            "SRX9504942_SRR13055518_2.fastq.gz:md5,aead170df9851773d5202b5760c76d76"
                        ]
                    ],
                    [
                        {
                            "id": "SRX9504942_SRR13055519",
                            "run_accession": "SRR13055519",
                            "experiment_accession": "SRX9504942",
                            "sample_accession": "SAMN16793052",
                            "secondary_sample_accession": "SRS7713669",
                            "study_accession": "PRJNA678298",
                            "secondary_study_accession": "SRP292504",
                            "submission_accession": "SRA1158402",
                            "run_alias": "GSM4907283_r3",
                            "experiment_alias": "GSM4907283",
                            "sample_alias": "GSM4907283",
                            "study_alias": "GSE159787",
                            "library_layout": "PAIRED",
                            "library_selection": "other",
                            "library_source": "TRANSCRIPTOMIC",
                            "library_strategy": "OTHER",
                            "library_name": "",
                            "instrument_model": "NextSeq 550",
                            "instrument_platform": "ILLUMINA",
                            "base_count": "2232728",
                            "read_count": "29378",
                            "tax_id": "9606",
                            "scientific_name": "Homo sapiens",
                            "sample_title": "A20-35 A11A20-35 A11_ROI009PanCK+",
                            "experiment_title": "NextSeq 550 sequencing: GSM4907283: A20-35 A11A20-35 A11_ROI009PanCK+ Homo sapiens OTHER",
                            "study_title": "Temporal and Spatial Heterogeneity of Host Response to SARS-CoV-2 Pulmonary Infection [gene expression]",
                            "sample_description": "A20-35 A11A20-35 A11_ROI009PanCK+",
                            "fastq_md5": "5ad51460c6c4a850dd37a206e2c441c1;a977367bf41dacf4c21bc0c8201b8b88",
                            "fastq_bytes": "714907;721705",
                            "fastq_ftp": "ftp.sra.ebi.ac.uk/vol1/fastq/SRR130/019/SRR13055519/SRR13055519_1.fastq.gz;ftp.sra.ebi.ac.uk/vol1/fastq/SRR130/019/SRR13055519/SRR13055519_2.fastq.gz",
                            "fastq_galaxy": "ftp.sra.ebi.ac.uk/vol1/fastq/SRR130/019/SRR13055519/SRR13055519_1.fastq.gz;ftp.sra.ebi.ac.uk/vol1/fastq/SRR130/019/SRR13055519/SRR13055519_2.fastq.gz",
                            "fastq_aspera": "fasp.sra.ebi.ac.uk:/vol1/fastq/SRR130/019/SRR13055519/SRR13055519_1.fastq.gz;fasp.sra.ebi.ac.uk:/vol1/fastq/SRR130/019/SRR13055519/SRR13055519_2.fastq.gz",
                            "fastq_1": "ftp.sra.ebi.ac.uk/vol1/fastq/SRR130/019/SRR13055519/SRR13055519_1.fastq.gz",
                            "fastq_2": "ftp.sra.ebi.ac.uk/vol1/fastq/SRR130/019/SRR13055519/SRR13055519_2.fastq.gz",
                            "md5_1": "5ad51460c6c4a850dd37a206e2c441c1",
                            "md5_2": "a977367bf41dacf4c21bc0c8201b8b88",
                            "single_end": false
                        },
                        [
                            "SRX9504942_SRR13055519_1.fastq.gz:md5,5ad51460c6c4a850dd37a206e2c441c1",
                            "SRX9504942_SRR13055519_2.fastq.gz:md5,a977367bf41dacf4c21bc0c8201b8b88"
                        ]
                    ],
                    [
                        {
                            "id": "SRX9504942_SRR13055520",
                            "run_accession": "SRR13055520",
                            "experiment_accession": "SRX9504942",
                            "sample_accession": "SAMN16793052",
                            "secondary_sample_accession": "SRS7713669",
                            "study_accession": "PRJNA678298",
                            "secondary_study_accession": "SRP292504",
                            "submission_accession": "SRA1158402",
                            "run_alias": "GSM4907283_r4",
                            "experiment_alias": "GSM4907283",
                            "sample_alias": "GSM4907283",
                            "study_alias": "GSE159787",
                            "library_layout": "PAIRED",
                            "library_selection": "other",
                            "library_source": "TRANSCRIPTOMIC",
                            "library_strategy": "OTHER",
                            "library_name": "",
                            "instrument_model": "NextSeq 550",
                            "instrument_platform": "ILLUMINA",
                            "base_count": "2214488",
                            "read_count": "29138",
                            "tax_id": "9606",
                            "scientific_name": "Homo sapiens",
                            "sample_title": "A20-35 A11A20-35 A11_ROI009PanCK+",
                            "experiment_title": "NextSeq 550 sequencing: GSM4907283: A20-35 A11A20-35 A11_ROI009PanCK+ Homo sapiens OTHER",
                            "study_title": "Temporal and Spatial Heterogeneity of Host Response to SARS-CoV-2 Pulmonary Infection [gene expression]",
                            "sample_description": "A20-35 A11A20-35 A11_ROI009PanCK+",
                            "fastq_md5": "795d460abff6009c7f5ff7c14b773fbe;c3f34379356b28d6dac7212abc1a0a04",
                            "fastq_bytes": "709867;716862",
                            "fastq_ftp": "ftp.sra.ebi.ac.uk/vol1/fastq/SRR130/020/SRR13055520/SRR13055520_1.fastq.gz;ftp.sra.ebi.ac.uk/vol1/fastq/SRR130/020/SRR13055520/SRR13055520_2.fastq.gz",
                            "fastq_galaxy": "ftp.sra.ebi.ac.uk/vol1/fastq/SRR130/020/SRR13055520/SRR13055520_1.fastq.gz;ftp.sra.ebi.ac.uk/vol1/fastq/SRR130/020/SRR13055520/SRR13055520_2.fastq.gz",
                            "fastq_aspera": "fasp.sra.ebi.ac.uk:/vol1/fastq/SRR130/020/SRR13055520/SRR13055520_1.fastq.gz;fasp.sra.ebi.ac.uk:/vol1/fastq/SRR130/020/SRR13055520/SRR13055520_2.fastq.gz",
                            "fastq_1": "ftp.sra.ebi.ac.uk/vol1/fastq/SRR130/020/SRR13055520/SRR13055520_1.fastq.gz",
                            "fastq_2": "ftp.sra.ebi.ac.uk/vol1/fastq/SRR130/020/SRR13055520/SRR13055520_2.fastq.gz",
                            "md5_1": "795d460abff6009c7f5ff7c14b773fbe",
                            "md5_2": "c3f34379356b28d6dac7212abc1a0a04",
                            "single_end": false
                        },
                        [
                            "SRX9504942_SRR13055520_1.fastq.gz:md5,795d460abff6009c7f5ff7c14b773fbe",
                            "SRX9504942_SRR13055520_2.fastq.gz:md5,c3f34379356b28d6dac7212abc1a0a04"
                        ]
                    ],
                    [
                        {
                            "id": "SRX9626017_SRR13191702",
                            "run_accession": "SRR13191702",
                            "experiment_accession": "SRX9626017",
                            "sample_accession": "SAMN16980141",
                            "secondary_sample_accession": "SRS7827211",
                            "study_accession": "PRJNA682076",
                            "secondary_study_accession": "SRP295653",
                            "submission_accession": "SRA1166126",
                            "run_alias": "S.170804.00784_662_L001_R1_001.fastq.gz",
                            "experiment_alias": "S.170804.00784",
                            "sample_alias": "S.170804.00784_662",
                            "study_alias": "PRJNA682076",
                            "library_layout": "PAIRED",
                            "library_selection": "PCR",
                            "library_source": "METAGENOMIC",
                            "library_strategy": "AMPLICON",
                            "library_name": "S.170804.00784",
                            "instrument_model": "Illumina HiSeq 2500",
                            "instrument_platform": "ILLUMINA",
                            "base_count": "45682",
                            "read_count": "91",
                            "tax_id": "408170",
                            "scientific_name": "human gut metagenome",
                            "sample_title": "Metagenome or environmental sample from human gut metagenome",
                            "experiment_title": "Illumina HiSeq 2500 sequencing: Stool Microbiome Features to Discriminate Clostridium Difficile Colonization and Infection",
                            "study_title": "Stool Microbiome Features to Discriminate Clostridium Difficile Colonization and Infection",
                            "sample_description": "Metagenome or environmental sample from human gut metagenome",
                            "fastq_md5": "89c5be920021a035084d8aeb74f32df7;56271be38a80db78ef3bdfc5d9909b98",
                            "fastq_bytes": "15420;16324",
                            "fastq_ftp": "ftp.sra.ebi.ac.uk/vol1/fastq/SRR131/002/SRR13191702/SRR13191702_1.fastq.gz;ftp.sra.ebi.ac.uk/vol1/fastq/SRR131/002/SRR13191702/SRR13191702_2.fastq.gz",
                            "fastq_galaxy": "ftp.sra.ebi.ac.uk/vol1/fastq/SRR131/002/SRR13191702/SRR13191702_1.fastq.gz;ftp.sra.ebi.ac.uk/vol1/fastq/SRR131/002/SRR13191702/SRR13191702_2.fastq.gz",
                            "fastq_aspera": "fasp.sra.ebi.ac.uk:/vol1/fastq/SRR131/002/SRR13191702/SRR13191702_1.fastq.gz;fasp.sra.ebi.ac.uk:/vol1/fastq/SRR131/002/SRR13191702/SRR13191702_2.fastq.gz",
                            "fastq_1": "ftp.sra.ebi.ac.uk/vol1/fastq/SRR131/002/SRR13191702/SRR13191702_1.fastq.gz",
                            "fastq_2": "ftp.sra.ebi.ac.uk/vol1/fastq/SRR131/002/SRR13191702/SRR13191702_2.fastq.gz",
                            "md5_1": "89c5be920021a035084d8aeb74f32df7",
                            "md5_2": "56271be38a80db78ef3bdfc5d9909b98",
                            "single_end": false
                        },
                        [
                            "SRX9626017_SRR13191702_1.fastq.gz:md5,89c5be920021a035084d8aeb74f32df7",
                            "SRX9626017_SRR13191702_2.fastq.gz:md5,56271be38a80db78ef3bdfc5d9909b98"
                        ]
                    ]
                ],
                "1": [
                    "samplesheet.csv:md5,f0b7e9436c6feb1a31c49c2c8ab761a2"
                ],
                "2": [
                    "id_mappings.csv:md5,3e287081f1e9349921fa8c709a874565"
                ],
                "3": [
                    "versions.yml:md5,b52279f7d6b891a6523d9321f3f85b47",
                    "versions.yml:md5,45e4a369df2d3af023b8622aa3f6d5a8",
                    "versions.yml:md5,9b17045ca8bdc272cb3f9d349a81d206",
                    "versions.yml:md5,e977678bd13a54fc9c31addf135be15e",
                    "versions.yml:md5,b21338b74b9a8fe0c7a114f7686c07cd"
                ],
                "fastq": [
                    [
                        {
                            "id": "DRX024467_DRR026872",
                            "run_accession": "DRR026872",
                            "experiment_accession": "DRX024467",
                            "sample_accession": "SAMD00023098",
                            "secondary_sample_accession": "DRS033740",
                            "study_accession": "PRJDB4356",
                            "secondary_study_accession": "DRP003256",
                            "submission_accession": "DRA002758",
                            "run_alias": "DRR026872",
                            "experiment_alias": "DRX024467",
                            "sample_alias": "SAMD00023098",
                            "study_alias": "DRP003256",
                            "library_layout": "SINGLE",
                            "library_selection": "Restriction Digest",
                            "library_source": "GENOMIC",
                            "library_strategy": "OTHER",
                            "library_name": "IpeRAD1_3",
                            "instrument_model": "Illumina HiSeq 2500",
                            "instrument_platform": "ILLUMINA",
                            "base_count": "62550",
                            "read_count": "417",
                            "tax_id": "35883",
                            "scientific_name": "Ipomoea nil",
                            "sample_title": "F2 plant dreived from a cross between Tokyo Kokei-standard and Africa #21",
                            "experiment_title": "Illumina HiSeq 2500 sequencing: Illumina HiSeq 2500 sequencing of SAMD00023098",
                            "study_title": "The Japanese morning glory genome sequence",
                            "sample_description": "Keywords: GSC:MIxS MIGS:6.0",
                            "fastq_md5": "515e5448c55e054113c4a22df5f62791",
                            "fastq_bytes": "38447",
                            "fastq_ftp": "ftp.sra.ebi.ac.uk/vol1/fastq/DRR026/DRR026872/DRR026872.fastq.gz",
                            "fastq_galaxy": "ftp.sra.ebi.ac.uk/vol1/fastq/DRR026/DRR026872/DRR026872.fastq.gz",
                            "fastq_aspera": "fasp.sra.ebi.ac.uk:/vol1/fastq/DRR026/DRR026872/DRR026872.fastq.gz",
                            "fastq_1": "ftp.sra.ebi.ac.uk/vol1/fastq/DRR026/DRR026872/DRR026872.fastq.gz",
                            "fastq_2": "",
                            "md5_1": "515e5448c55e054113c4a22df5f62791",
                            "md5_2": "",
                            "single_end": true
                        },
                        "DRX024467_DRR026872.fastq.gz:md5,515e5448c55e054113c4a22df5f62791"
                    ],
                    [
                        {
                            "id": "DRX026011_DRR028935",
                            "run_accession": "DRR028935",
                            "experiment_accession": "DRX026011",
                            "sample_accession": "SAMD00024405",
                            "secondary_sample_accession": "DRS019431",
                            "study_accession": "PRJDB3420",
                            "secondary_study_accession": "DRP002616",
                            "submission_accession": "DRA002949",
                            "run_alias": "DRR028935",
                            "experiment_alias": "DRX026011",
                            "sample_alias": "SAMD00024405",
                            "study_alias": "DRP002616",
                            "library_layout": "PAIRED",
                            "library_selection": "cDNA",
                            "library_source": "TRANSCRIPTOMIC",
                            "library_strategy": "RNA-Seq",
                            "library_name": "day0_BbSQE-I",
                            "instrument_model": "Illumina HiSeq 2500",
                            "instrument_platform": "ILLUMINA",
                            "base_count": "194930",
                            "read_count": "965",
                            "tax_id": "1202541",
                            "scientific_name": "Botryococcus braunii Showa",
                            "sample_title": "Botryococcus braunii Showa at day 0 after inoculation into fresh culture medium",
                            "experiment_title": "Illumina HiSeq 2500 paired end sequencing: Illumina HiSeq 2500 paired end sequencing of SAMD00024405",
                            "study_title": "Liquid culture of Botryococcus braunii, race B, Showa",
                            "sample_description": "Liquid culture",
                            "fastq_md5": "cc01df82a9354bb6b3be93483b20c35a;941c9998d746416dad53c94c480ddf30",
                            "fastq_bytes": "60275;61610",
                            "fastq_ftp": "ftp.sra.ebi.ac.uk/vol1/fastq/DRR028/DRR028935/DRR028935_1.fastq.gz;ftp.sra.ebi.ac.uk/vol1/fastq/DRR028/DRR028935/DRR028935_2.fastq.gz",
                            "fastq_galaxy": "ftp.sra.ebi.ac.uk/vol1/fastq/DRR028/DRR028935/DRR028935_1.fastq.gz;ftp.sra.ebi.ac.uk/vol1/fastq/DRR028/DRR028935/DRR028935_2.fastq.gz",
                            "fastq_aspera": "fasp.sra.ebi.ac.uk:/vol1/fastq/DRR028/DRR028935/DRR028935_1.fastq.gz;fasp.sra.ebi.ac.uk:/vol1/fastq/DRR028/DRR028935/DRR028935_2.fastq.gz",
                            "fastq_1": "ftp.sra.ebi.ac.uk/vol1/fastq/DRR028/DRR028935/DRR028935_1.fastq.gz",
                            "fastq_2": "ftp.sra.ebi.ac.uk/vol1/fastq/DRR028/DRR028935/DRR028935_2.fastq.gz",
                            "md5_1": "cc01df82a9354bb6b3be93483b20c35a",
                            "md5_2": "941c9998d746416dad53c94c480ddf30",
                            "single_end": false
                        },
                        [
                            "DRX026011_DRR028935_1.fastq.gz:md5,cc01df82a9354bb6b3be93483b20c35a",
                            "DRX026011_DRR028935_2.fastq.gz:md5,941c9998d746416dad53c94c480ddf30"
                        ]
                    ],
                    [
                        {
                            "id": "ERX1188904_ERR1109373",
                            "run_accession": "ERR1109373",
                            "experiment_accession": "ERX1188904",
                            "sample_accession": "SAMEA3643867",
                            "secondary_sample_accession": "ERS951016",
                            "study_accession": "PRJEB11633",
                            "secondary_study_accession": "ERP013030",
                            "submission_accession": "ERA528939",
                            "run_alias": "ena-RUN-CAM-03-11-2015-17:01:52:847-7",
                            "experiment_alias": "ena-EXPERIMENT-CAM-03-11-2015-17:01:52:847-7",
                            "sample_alias": "sample_56",
                            "study_alias": "ena-STUDY-CAM-02-11-2015-17:42:24:189-13",
                            "library_layout": "PAIRED",
                            "library_selection": "RT-PCR",
                            "library_source": "TRANSCRIPTOMIC",
                            "library_strategy": "RNA-Seq",
                            "library_name": "unspecified",
                            "instrument_model": "Illumina HiSeq 2500",
                            "instrument_platform": "ILLUMINA",
                            "base_count": "29700",
                            "read_count": "169",
                            "tax_id": "63433",
                            "scientific_name": "Leptopilina boulardi",
                            "sample_title": "RNA-Seq reads mapped onto L. Boulardi Toti-like virus genome",
                            "experiment_title": "Illumina HiSeq 2500 paired end sequencing",
                            "study_title": "Total RNA from abdomen and head of L. boulardi females and alignment of the RNA-Seq reads against the genome of L. boulardi Toti-like Virus.",
                            "sample_description": "RNA-Seq reads mapped onto L. Boulardi Toti-like virus genome",
                            "fastq_md5": "8d7d7b854d0207d1226477a30103fade;9fd57225d6c07a31843276d6df9b15c0;5a62e8f785687dce890cfb4fe3e607f9",
                            "fastq_bytes": "3221;8151;8118",
                            "fastq_ftp": "ftp.sra.ebi.ac.uk/vol1/fastq/ERR110/003/ERR1109373/ERR1109373.fastq.gz;ftp.sra.ebi.ac.uk/vol1/fastq/ERR110/003/ERR1109373/ERR1109373_1.fastq.gz;ftp.sra.ebi.ac.uk/vol1/fastq/ERR110/003/ERR1109373/ERR1109373_2.fastq.gz",
                            "fastq_galaxy": "ftp.sra.ebi.ac.uk/vol1/fastq/ERR110/003/ERR1109373/ERR1109373.fastq.gz;ftp.sra.ebi.ac.uk/vol1/fastq/ERR110/003/ERR1109373/ERR1109373_1.fastq.gz;ftp.sra.ebi.ac.uk/vol1/fastq/ERR110/003/ERR1109373/ERR1109373_2.fastq.gz",
                            "fastq_aspera": "fasp.sra.ebi.ac.uk:/vol1/fastq/ERR110/003/ERR1109373/ERR1109373.fastq.gz;fasp.sra.ebi.ac.uk:/vol1/fastq/ERR110/003/ERR1109373/ERR1109373_1.fastq.gz;fasp.sra.ebi.ac.uk:/vol1/fastq/ERR110/003/ERR1109373/ERR1109373_2.fastq.gz",
                            "fastq_1": "ftp.sra.ebi.ac.uk/vol1/fastq/ERR110/003/ERR1109373/ERR1109373_1.fastq.gz",
                            "fastq_2": "ftp.sra.ebi.ac.uk/vol1/fastq/ERR110/003/ERR1109373/ERR1109373_2.fastq.gz",
                            "md5_1": "9fd57225d6c07a31843276d6df9b15c0",
                            "md5_2": "5a62e8f785687dce890cfb4fe3e607f9",
                            "single_end": false
                        },
                        [
                            "ERX1188904_ERR1109373_1.fastq.gz:md5,9fd57225d6c07a31843276d6df9b15c0",
                            "ERX1188904_ERR1109373_2.fastq.gz:md5,5a62e8f785687dce890cfb4fe3e607f9"
                        ]
                    ],
                    [
                        {
                            "id": "ERX1234253_ERR1160846",
                            "run_accession": "ERR1160846",
                            "experiment_accession": "ERX1234253",
                            "sample_accession": "SAMEA3687214",
                            "secondary_sample_accession": "ERS994363",
                            "study_accession": "PRJEB11419",
                            "secondary_study_accession": "ERP012803",
                            "submission_accession": "ERA541392",
                            "run_alias": "qiita_ppdid_706:10317.BLANK.93.3E.r22",
                            "experiment_alias": "qiita_ptid_1263:10317.BLANK.93.3E.r22",
                            "sample_alias": "qiita_sid_10317:10317.BLANK.93.3E.r22",
                            "study_alias": "qiita_sid_10317",
                            "library_layout": "SINGLE",
                            "library_selection": "PCR",
                            "library_source": "METAGENOMIC",
                            "library_strategy": "AMPLICON",
                            "library_name": "10317.BLANK.93.3E.r22",
                            "instrument_model": "Illumina HiSeq 2500",
                            "instrument_platform": "ILLUMINA",
                            "base_count": "35658",
                            "read_count": "283",
                            "tax_id": "256318",
                            "scientific_name": "metagenome",
                            "sample_title": "10317.BLANK.93.3E.r22",
                            "experiment_title": "Illumina HiSeq 2500 sequencing: qiita_ptid_1263:10317.BLANK.93.3E.r22",
                            "study_title": "American Gut Project",
                            "sample_description": "American Gut control",
                            "fastq_md5": "5924f20ef547ebdfed7cad795bbab6e6",
                            "fastq_bytes": "18077",
                            "fastq_ftp": "ftp.sra.ebi.ac.uk/vol1/fastq/ERR116/006/ERR1160846/ERR1160846.fastq.gz",
                            "fastq_galaxy": "ftp.sra.ebi.ac.uk/vol1/fastq/ERR116/006/ERR1160846/ERR1160846.fastq.gz",
                            "fastq_aspera": "fasp.sra.ebi.ac.uk:/vol1/fastq/ERR116/006/ERR1160846/ERR1160846.fastq.gz",
                            "fastq_1": "ftp.sra.ebi.ac.uk/vol1/fastq/ERR116/006/ERR1160846/ERR1160846.fastq.gz",
                            "fastq_2": "",
                            "md5_1": "5924f20ef547ebdfed7cad795bbab6e6",
                            "md5_2": "",
                            "single_end": true
                        },
                        "ERX1234253_ERR1160846.fastq.gz:md5,5924f20ef547ebdfed7cad795bbab6e6"
                    ],
                    [
                        {
                            "id": "SRX10940790_SRR14593545",
                            "run_accession": "SRR14593545",
                            "experiment_accession": "SRX10940790",
                            "sample_accession": "SAMN19097423",
                            "secondary_sample_accession": "SRS9020442",
                            "study_accession": "PRJNA728650",
                            "secondary_study_accession": "SRP319413",
                            "submission_accession": "SRA1234280",
                            "run_alias": "577-6_530058_19-037147 Goat_F.ab1",
                            "experiment_alias": "PRNP_2765",
                            "sample_alias": "prp_2765",
                            "study_alias": "PRJNA728650",
                            "library_layout": "PAIRED",
                            "library_selection": "PCR",
                            "library_source": "GENOMIC",
                            "library_strategy": "AMPLICON",
                            "library_name": "PRNP_2765",
                            "instrument_model": "AB 3500xL Genetic Analyzer",
                            "instrument_platform": "CAPILLARY",
                            "base_count": "828",
                            "read_count": "1",
                            "tax_id": "9925",
                            "scientific_name": "Capra hircus",
                            "sample_title": "MIGS Eukaryotic sample from Capra hircus",
                            "experiment_title": "AB 3500xL Genetic Analyzer sequencing: prp_2765",
                            "study_title": "Capra hircus Raw sequence reads",
                            "sample_description": "Keywords: GSC:MIxS MIGS:5.0",
                            "fastq_md5": "",
                            "fastq_bytes": "",
                            "fastq_ftp": "",
                            "fastq_galaxy": "",
                            "fastq_aspera": "",
                            "fastq_1": "",
                            "fastq_2": "",
                            "md5_1": "",
                            "md5_2": "",
                            "single_end": false
                        },
                        [
                            "SRX10940790_SRR14593545_1.fastq.gz:md5,6a4762cf0f1f9f5544d3735e2e07c5d3",
                            "SRX10940790_SRR14593545_2.fastq.gz:md5,cbd30715fdef457d7aa24a12f19eedf2"
                        ]
                    ],
                    [
                        {
                            "id": "SRX11047067_SRR14709033",
                            "run_accession": "SRR14709033",
                            "experiment_accession": "SRX11047067",
                            "sample_accession": "SAMN19373034",
                            "secondary_sample_accession": "SRS9115923",
                            "study_accession": "PRJNA733285",
                            "secondary_study_accession": "SRP322267",
                            "submission_accession": "SRA1239521",
                            "run_alias": "Sebastes_levis-2.fastq",
                            "experiment_alias": "Sebastes_macdonaldi-1",
                            "sample_alias": "S._macdonaldi-1",
                            "study_alias": "PRJNA733285",
                            "library_layout": "SINGLE",
                            "library_selection": "PCR",
                            "library_source": "GENOMIC",
                            "library_strategy": "AMPLICON",
                            "library_name": "Sebastes_macdonaldi-1",
                            "instrument_model": "AB 5500 Genetic Analyzer",
                            "instrument_platform": "ABI_SOLID",
                            "base_count": "153",
                            "read_count": "1",
                            "tax_id": "394693",
                            "scientific_name": "Sebastes macdonaldi",
                            "sample_title": "Sebastes_macdonaldi-1",
                            "experiment_title": "AB 5500 Genetic Analyzer sequencing: Sebastes macdonaldi",
                            "study_title": "MiSebastes: An eDNA metabarcoding primer set for rockfishes (genus Sebastes)",
                            "sample_description": "Sebastes_macdonaldi-1",
                            "fastq_md5": "",
                            "fastq_bytes": "",
                            "fastq_ftp": "",
                            "fastq_galaxy": "",
                            "fastq_aspera": "",
                            "fastq_1": "",
                            "fastq_2": "",
                            "md5_1": "",
                            "md5_2": "",
                            "single_end": true
                        },
                        "SRX11047067_SRR14709033.fastq.gz:md5,79140dd1cb3fd1c5e02d88e01f7c3eda"
                    ],
                    [
                        {
                            "id": "SRX17709227_SRR21711856",
                            "run_accession": "SRR21711856",
                            "experiment_accession": "SRX17709227",
                            "sample_accession": "SAMN31021823",
                            "secondary_sample_accession": "SRS15239723",
                            "study_accession": "PRJNA884373",
                            "secondary_study_accession": "SRP399678",
                            "submission_accession": "SRA1507236",
                            "run_alias": "GSM6601460_r1",
                            "experiment_alias": "GSM6601460_r1",
                            "sample_alias": "GSM6601460",
                            "study_alias": "GSE214215",
                            "library_layout": "SINGLE",
                            "library_selection": "cDNA",
                            "library_source": "TRANSCRIPTOMIC",
                            "library_strategy": "RNA-Seq",
                            "library_name": "GSM6601460",
                            "instrument_model": "Illumina HiSeq 4000",
                            "instrument_platform": "ILLUMINA",
                            "base_count": "573417800",
                            "read_count": "11468356",
                            "tax_id": "6239",
                            "scientific_name": "Caenorhabditis elegans",
                            "sample_title": "sham-treated worms in day 5",
                            "experiment_title": "Illumina HiSeq 4000 sequencing: GSM6601460: sham-treated worms in day 5 Caenorhabditis elegans RNA-Seq",
                            "study_title": "PM2.5 exposure induces lifespan reduction in Caenorhabditis elegans",
                            "sample_description": "sham-treated worms in day 5",
                            "fastq_md5": "7cd1402155befc87be338132d1f31f64",
                            "fastq_bytes": "447377777",
                            "fastq_ftp": "ftp.sra.ebi.ac.uk/vol1/fastq/SRR217/056/SRR21711856/SRR21711856.fastq.gz",
                            "fastq_galaxy": "ftp.sra.ebi.ac.uk/vol1/fastq/SRR217/056/SRR21711856/SRR21711856.fastq.gz",
                            "fastq_aspera": "fasp.sra.ebi.ac.uk:/vol1/fastq/SRR217/056/SRR21711856/SRR21711856.fastq.gz",
                            "fastq_1": "ftp.sra.ebi.ac.uk/vol1/fastq/SRR217/056/SRR21711856/SRR21711856.fastq.gz",
                            "fastq_2": "",
                            "md5_1": "7cd1402155befc87be338132d1f31f64",
                            "md5_2": "",
                            "single_end": true
                        },
                        "SRX17709227_SRR21711856.fastq.gz:md5,7cd1402155befc87be338132d1f31f64"
                    ],
                    [
                        {
                            "id": "SRX17709228_SRR21711855",
                            "run_accession": "SRR21711855",
                            "experiment_accession": "SRX17709228",
                            "sample_accession": "SAMN31021822",
                            "secondary_sample_accession": "SRS15239724",
                            "study_accession": "PRJNA884373",
                            "secondary_study_accession": "SRP399678",
                            "submission_accession": "SRA1507236",
                            "run_alias": "GSM6601461_r1",
                            "experiment_alias": "GSM6601461_r1",
                            "sample_alias": "GSM6601461",
                            "study_alias": "GSE214215",
                            "library_layout": "SINGLE",
                            "library_selection": "cDNA",
                            "library_source": "TRANSCRIPTOMIC",
                            "library_strategy": "RNA-Seq",
                            "library_name": "GSM6601461",
                            "instrument_model": "Illumina HiSeq 4000",
                            "instrument_platform": "ILLUMINA",
                            "base_count": "677912850",
                            "read_count": "13558257",
                            "tax_id": "6239",
                            "scientific_name": "Caenorhabditis elegans",
                            "sample_title": "PM2.5-treated worms in day 5",
                            "experiment_title": "Illumina HiSeq 4000 sequencing: GSM6601461: PM2.5-treated worms in day 5 Caenorhabditis elegans RNA-Seq",
                            "study_title": "PM2.5 exposure induces lifespan reduction in Caenorhabditis elegans",
                            "sample_description": "PM2.5-treated worms in day 5",
                            "fastq_md5": "cbe4e9f967a71593f9ec3c6edaf11c83",
                            "fastq_bytes": "529798447",
                            "fastq_ftp": "ftp.sra.ebi.ac.uk/vol1/fastq/SRR217/055/SRR21711855/SRR21711855.fastq.gz",
                            "fastq_galaxy": "ftp.sra.ebi.ac.uk/vol1/fastq/SRR217/055/SRR21711855/SRR21711855.fastq.gz",
                            "fastq_aspera": "fasp.sra.ebi.ac.uk:/vol1/fastq/SRR217/055/SRR21711855/SRR21711855.fastq.gz",
                            "fastq_1": "ftp.sra.ebi.ac.uk/vol1/fastq/SRR217/055/SRR21711855/SRR21711855.fastq.gz",
                            "fastq_2": "",
                            "md5_1": "cbe4e9f967a71593f9ec3c6edaf11c83",
                            "md5_2": "",
                            "single_end": true
                        },
                        "SRX17709228_SRR21711855.fastq.gz:md5,cbe4e9f967a71593f9ec3c6edaf11c83"
                    ],
                    [
                        {
                            "id": "SRX6725035_SRR9984183",
                            "run_accession": "SRR9984183",
                            "experiment_accession": "SRX6725035",
                            "sample_accession": "SAMN12581720",
                            "secondary_sample_accession": "SRS5277011",
                            "study_accession": "PRJNA560329",
                            "secondary_study_accession": "SRP218535",
                            "submission_accession": "SRA942061",
                            "run_alias": "Emb289P1_bin131.fastq",
                            "experiment_alias": "Emb289P1_bin131",
                            "sample_alias": "Emb289P1_bin131",
                            "study_alias": "PRJNA560329",
                            "library_layout": "SINGLE",
                            "library_selection": "RANDOM",
                            "library_source": "METAGENOMIC",
                            "library_strategy": "WGS",
                            "library_name": "Emb289P1_bin131",
                            "instrument_model": "Illumina HiSeq 2500",
                            "instrument_platform": "ILLUMINA",
                            "base_count": "1996273",
                            "read_count": "58",
                            "tax_id": "2660712",
                            "scientific_name": "Defluviitaleaceae bacterium",
                            "sample_title": "MIMAG Metagenome-assembled Genome sample from Defluviitaleaceae bacterium",
                            "experiment_title": "Illumina HiSeq 2500 sequencing: Binning of metagenomic reads from the P1 gut compartment of Embiratermes neotenicus",
                            "study_title": "Phylogenomic analysis of 589 metagenome-assembled genomes encompassing all major prokaryotic lineages from the gut of higher termites",
                            "sample_description": "Keywords: GSC:MIxS MIMAG:5.0",
                            "fastq_md5": "0b512d2dc31685983456bd56fd836544",
                            "fastq_bytes": "605358",
                            "fastq_ftp": "ftp.sra.ebi.ac.uk/vol1/fastq/SRR998/003/SRR9984183/SRR9984183.fastq.gz",
                            "fastq_galaxy": "ftp.sra.ebi.ac.uk/vol1/fastq/SRR998/003/SRR9984183/SRR9984183.fastq.gz",
                            "fastq_aspera": "fasp.sra.ebi.ac.uk:/vol1/fastq/SRR998/003/SRR9984183/SRR9984183.fastq.gz",
                            "fastq_1": "ftp.sra.ebi.ac.uk/vol1/fastq/SRR998/003/SRR9984183/SRR9984183.fastq.gz",
                            "fastq_2": "",
                            "md5_1": "0b512d2dc31685983456bd56fd836544",
                            "md5_2": "",
                            "single_end": true
                        },
                        "SRX6725035_SRR9984183.fastq.gz:md5,0b512d2dc31685983456bd56fd836544"
                    ],
                    [
                        {
                            "id": "SRX9315476_SRR12848126",
                            "run_accession": "SRR12848126",
                            "experiment_accession": "SRX9315476",
                            "sample_accession": "SAMN16455283",
                            "secondary_sample_accession": "SRS7540262",
                            "study_accession": "PRJNA670070",
                            "secondary_study_accession": "SRP287769",
                            "submission_accession": "SRA1145417",
                            "run_alias": "Longshanks_F11-N1-05_haplo.pMarkdup.chr3_focal.bam",
                            "experiment_alias": "F11-N1-05",
                            "sample_alias": "F11-N1-05",
                            "study_alias": "PRJNA670070",
                            "library_layout": "PAIRED",
                            "library_selection": "RANDOM PCR",
                            "library_source": "GENOMIC",
                            "library_strategy": "Synthetic-Long-Read",
                            "library_name": "F11-N1-05",
                            "instrument_model": "Illumina HiSeq 3000",
                            "instrument_platform": "ILLUMINA",
                            "base_count": "431758",
                            "read_count": "2954",
                            "tax_id": "10092",
                            "scientific_name": "Mus musculus domesticus",
                            "sample_title": "Longshanks_F11-N1-05",
                            "experiment_title": "Illumina HiSeq 3000 sequencing: Haplotype tagging reveals parallel formation of hybrid races in two butterfly species",
                            "study_title": "Haplotype tagging reveals parallel formation of hybrid races in two butterfly species",
                            "sample_description": "F11-N1-05",
                            "fastq_md5": "",
                            "fastq_bytes": "",
                            "fastq_ftp": "",
                            "fastq_galaxy": "",
                            "fastq_aspera": "",
                            "fastq_1": "",
                            "fastq_2": "",
                            "md5_1": "",
                            "md5_2": "",
                            "single_end": false
                        },
                        [
                            "SRX9315476_SRR12848126_1.fastq.gz:md5,03f5a34586aef9cd61f54eb26831a665",
                            "SRX9315476_SRR12848126_2.fastq.gz:md5,97701c5d884af8d96ba95d7237f3bf79"
                        ]
                    ],
                    [
                        {
                            "id": "SRX9504942_SRR13055517",
                            "run_accession": "SRR13055517",
                            "experiment_accession": "SRX9504942",
                            "sample_accession": "SAMN16793052",
                            "secondary_sample_accession": "SRS7713669",
                            "study_accession": "PRJNA678298",
                            "secondary_study_accession": "SRP292504",
                            "submission_accession": "SRA1158402",
                            "run_alias": "GSM4907283_r1",
                            "experiment_alias": "GSM4907283",
                            "sample_alias": "GSM4907283",
                            "study_alias": "GSE159787",
                            "library_layout": "PAIRED",
                            "library_selection": "other",
                            "library_source": "TRANSCRIPTOMIC",
                            "library_strategy": "OTHER",
                            "library_name": "",
                            "instrument_model": "NextSeq 550",
                            "instrument_platform": "ILLUMINA",
                            "base_count": "2246028",
                            "read_count": "29553",
                            "tax_id": "9606",
                            "scientific_name": "Homo sapiens",
                            "sample_title": "A20-35 A11A20-35 A11_ROI009PanCK+",
                            "experiment_title": "NextSeq 550 sequencing: GSM4907283: A20-35 A11A20-35 A11_ROI009PanCK+ Homo sapiens OTHER",
                            "study_title": "Temporal and Spatial Heterogeneity of Host Response to SARS-CoV-2 Pulmonary Infection [gene expression]",
                            "sample_description": "A20-35 A11A20-35 A11_ROI009PanCK+",
                            "fastq_md5": "dcf4438c0b682242ee90c5f3a803fb40;18dbe96e7f58b63406d9058938df1962",
                            "fastq_bytes": "721167;723753",
                            "fastq_ftp": "ftp.sra.ebi.ac.uk/vol1/fastq/SRR130/017/SRR13055517/SRR13055517_1.fastq.gz;ftp.sra.ebi.ac.uk/vol1/fastq/SRR130/017/SRR13055517/SRR13055517_2.fastq.gz",
                            "fastq_galaxy": "ftp.sra.ebi.ac.uk/vol1/fastq/SRR130/017/SRR13055517/SRR13055517_1.fastq.gz;ftp.sra.ebi.ac.uk/vol1/fastq/SRR130/017/SRR13055517/SRR13055517_2.fastq.gz",
                            "fastq_aspera": "fasp.sra.ebi.ac.uk:/vol1/fastq/SRR130/017/SRR13055517/SRR13055517_1.fastq.gz;fasp.sra.ebi.ac.uk:/vol1/fastq/SRR130/017/SRR13055517/SRR13055517_2.fastq.gz",
                            "fastq_1": "ftp.sra.ebi.ac.uk/vol1/fastq/SRR130/017/SRR13055517/SRR13055517_1.fastq.gz",
                            "fastq_2": "ftp.sra.ebi.ac.uk/vol1/fastq/SRR130/017/SRR13055517/SRR13055517_2.fastq.gz",
                            "md5_1": "dcf4438c0b682242ee90c5f3a803fb40",
                            "md5_2": "18dbe96e7f58b63406d9058938df1962",
                            "single_end": false
                        },
                        [
                            "SRX9504942_SRR13055517_1.fastq.gz:md5,dcf4438c0b682242ee90c5f3a803fb40",
                            "SRX9504942_SRR13055517_2.fastq.gz:md5,18dbe96e7f58b63406d9058938df1962"
                        ]
                    ],
                    [
                        {
                            "id": "SRX9504942_SRR13055518",
                            "run_accession": "SRR13055518",
                            "experiment_accession": "SRX9504942",
                            "sample_accession": "SAMN16793052",
                            "secondary_sample_accession": "SRS7713669",
                            "study_accession": "PRJNA678298",
                            "secondary_study_accession": "SRP292504",
                            "submission_accession": "SRA1158402",
                            "run_alias": "GSM4907283_r2",
                            "experiment_alias": "GSM4907283",
                            "sample_alias": "GSM4907283",
                            "study_alias": "GSE159787",
                            "library_layout": "PAIRED",
                            "library_selection": "other",
                            "library_source": "TRANSCRIPTOMIC",
                            "library_strategy": "OTHER",
                            "library_name": "",
                            "instrument_model": "NextSeq 550",
                            "instrument_platform": "ILLUMINA",
                            "base_count": "2235236",
                            "read_count": "29411",
                            "tax_id": "9606",
                            "scientific_name": "Homo sapiens",
                            "sample_title": "A20-35 A11A20-35 A11_ROI009PanCK+",
                            "experiment_title": "NextSeq 550 sequencing: GSM4907283: A20-35 A11A20-35 A11_ROI009PanCK+ Homo sapiens OTHER",
                            "study_title": "Temporal and Spatial Heterogeneity of Host Response to SARS-CoV-2 Pulmonary Infection [gene expression]",
                            "sample_description": "A20-35 A11A20-35 A11_ROI009PanCK+",
                            "fastq_md5": "5ec894d863fcefe394470a0925aefde4;aead170df9851773d5202b5760c76d76",
                            "fastq_bytes": "717693;723429",
                            "fastq_ftp": "ftp.sra.ebi.ac.uk/vol1/fastq/SRR130/018/SRR13055518/SRR13055518_1.fastq.gz;ftp.sra.ebi.ac.uk/vol1/fastq/SRR130/018/SRR13055518/SRR13055518_2.fastq.gz",
                            "fastq_galaxy": "ftp.sra.ebi.ac.uk/vol1/fastq/SRR130/018/SRR13055518/SRR13055518_1.fastq.gz;ftp.sra.ebi.ac.uk/vol1/fastq/SRR130/018/SRR13055518/SRR13055518_2.fastq.gz",
                            "fastq_aspera": "fasp.sra.ebi.ac.uk:/vol1/fastq/SRR130/018/SRR13055518/SRR13055518_1.fastq.gz;fasp.sra.ebi.ac.uk:/vol1/fastq/SRR130/018/SRR13055518/SRR13055518_2.fastq.gz",
                            "fastq_1": "ftp.sra.ebi.ac.uk/vol1/fastq/SRR130/018/SRR13055518/SRR13055518_1.fastq.gz",
                            "fastq_2": "ftp.sra.ebi.ac.uk/vol1/fastq/SRR130/018/SRR13055518/SRR13055518_2.fastq.gz",
                            "md5_1": "5ec894d863fcefe394470a0925aefde4",
                            "md5_2": "aead170df9851773d5202b5760c76d76",
                            "single_end": false
                        },
                        [
                            "SRX9504942_SRR13055518_1.fastq.gz:md5,5ec894d863fcefe394470a0925aefde4",
                            "SRX9504942_SRR13055518_2.fastq.gz:md5,aead170df9851773d5202b5760c76d76"
                        ]
                    ],
                    [
                        {
                            "id": "SRX9504942_SRR13055519",
                            "run_accession": "SRR13055519",
                            "experiment_accession": "SRX9504942",
                            "sample_accession": "SAMN16793052",
                            "secondary_sample_accession": "SRS7713669",
                            "study_accession": "PRJNA678298",
                            "secondary_study_accession": "SRP292504",
                            "submission_accession": "SRA1158402",
                            "run_alias": "GSM4907283_r3",
                            "experiment_alias": "GSM4907283",
                            "sample_alias": "GSM4907283",
                            "study_alias": "GSE159787",
                            "library_layout": "PAIRED",
                            "library_selection": "other",
                            "library_source": "TRANSCRIPTOMIC",
                            "library_strategy": "OTHER",
                            "library_name": "",
                            "instrument_model": "NextSeq 550",
                            "instrument_platform": "ILLUMINA",
                            "base_count": "2232728",
                            "read_count": "29378",
                            "tax_id": "9606",
                            "scientific_name": "Homo sapiens",
                            "sample_title": "A20-35 A11A20-35 A11_ROI009PanCK+",
                            "experiment_title": "NextSeq 550 sequencing: GSM4907283: A20-35 A11A20-35 A11_ROI009PanCK+ Homo sapiens OTHER",
                            "study_title": "Temporal and Spatial Heterogeneity of Host Response to SARS-CoV-2 Pulmonary Infection [gene expression]",
                            "sample_description": "A20-35 A11A20-35 A11_ROI009PanCK+",
                            "fastq_md5": "5ad51460c6c4a850dd37a206e2c441c1;a977367bf41dacf4c21bc0c8201b8b88",
                            "fastq_bytes": "714907;721705",
                            "fastq_ftp": "ftp.sra.ebi.ac.uk/vol1/fastq/SRR130/019/SRR13055519/SRR13055519_1.fastq.gz;ftp.sra.ebi.ac.uk/vol1/fastq/SRR130/019/SRR13055519/SRR13055519_2.fastq.gz",
                            "fastq_galaxy": "ftp.sra.ebi.ac.uk/vol1/fastq/SRR130/019/SRR13055519/SRR13055519_1.fastq.gz;ftp.sra.ebi.ac.uk/vol1/fastq/SRR130/019/SRR13055519/SRR13055519_2.fastq.gz",
                            "fastq_aspera": "fasp.sra.ebi.ac.uk:/vol1/fastq/SRR130/019/SRR13055519/SRR13055519_1.fastq.gz;fasp.sra.ebi.ac.uk:/vol1/fastq/SRR130/019/SRR13055519/SRR13055519_2.fastq.gz",
                            "fastq_1": "ftp.sra.ebi.ac.uk/vol1/fastq/SRR130/019/SRR13055519/SRR13055519_1.fastq.gz",
                            "fastq_2": "ftp.sra.ebi.ac.uk/vol1/fastq/SRR130/019/SRR13055519/SRR13055519_2.fastq.gz",
                            "md5_1": "5ad51460c6c4a850dd37a206e2c441c1",
                            "md5_2": "a977367bf41dacf4c21bc0c8201b8b88",
                            "single_end": false
                        },
                        [
                            "SRX9504942_SRR13055519_1.fastq.gz:md5,5ad51460c6c4a850dd37a206e2c441c1",
                            "SRX9504942_SRR13055519_2.fastq.gz:md5,a977367bf41dacf4c21bc0c8201b8b88"
                        ]
                    ],
                    [
                        {
                            "id": "SRX9504942_SRR13055520",
                            "run_accession": "SRR13055520",
                            "experiment_accession": "SRX9504942",
                            "sample_accession": "SAMN16793052",
                            "secondary_sample_accession": "SRS7713669",
                            "study_accession": "PRJNA678298",
                            "secondary_study_accession": "SRP292504",
                            "submission_accession": "SRA1158402",
                            "run_alias": "GSM4907283_r4",
                            "experiment_alias": "GSM4907283",
                            "sample_alias": "GSM4907283",
                            "study_alias": "GSE159787",
                            "library_layout": "PAIRED",
                            "library_selection": "other",
                            "library_source": "TRANSCRIPTOMIC",
                            "library_strategy": "OTHER",
                            "library_name": "",
                            "instrument_model": "NextSeq 550",
                            "instrument_platform": "ILLUMINA",
                            "base_count": "2214488",
                            "read_count": "29138",
                            "tax_id": "9606",
                            "scientific_name": "Homo sapiens",
                            "sample_title": "A20-35 A11A20-35 A11_ROI009PanCK+",
                            "experiment_title": "NextSeq 550 sequencing: GSM4907283: A20-35 A11A20-35 A11_ROI009PanCK+ Homo sapiens OTHER",
                            "study_title": "Temporal and Spatial Heterogeneity of Host Response to SARS-CoV-2 Pulmonary Infection [gene expression]",
                            "sample_description": "A20-35 A11A20-35 A11_ROI009PanCK+",
                            "fastq_md5": "795d460abff6009c7f5ff7c14b773fbe;c3f34379356b28d6dac7212abc1a0a04",
                            "fastq_bytes": "709867;716862",
                            "fastq_ftp": "ftp.sra.ebi.ac.uk/vol1/fastq/SRR130/020/SRR13055520/SRR13055520_1.fastq.gz;ftp.sra.ebi.ac.uk/vol1/fastq/SRR130/020/SRR13055520/SRR13055520_2.fastq.gz",
                            "fastq_galaxy": "ftp.sra.ebi.ac.uk/vol1/fastq/SRR130/020/SRR13055520/SRR13055520_1.fastq.gz;ftp.sra.ebi.ac.uk/vol1/fastq/SRR130/020/SRR13055520/SRR13055520_2.fastq.gz",
                            "fastq_aspera": "fasp.sra.ebi.ac.uk:/vol1/fastq/SRR130/020/SRR13055520/SRR13055520_1.fastq.gz;fasp.sra.ebi.ac.uk:/vol1/fastq/SRR130/020/SRR13055520/SRR13055520_2.fastq.gz",
                            "fastq_1": "ftp.sra.ebi.ac.uk/vol1/fastq/SRR130/020/SRR13055520/SRR13055520_1.fastq.gz",
                            "fastq_2": "ftp.sra.ebi.ac.uk/vol1/fastq/SRR130/020/SRR13055520/SRR13055520_2.fastq.gz",
                            "md5_1": "795d460abff6009c7f5ff7c14b773fbe",
                            "md5_2": "c3f34379356b28d6dac7212abc1a0a04",
                            "single_end": false
                        },
                        [
                            "SRX9504942_SRR13055520_1.fastq.gz:md5,795d460abff6009c7f5ff7c14b773fbe",
                            "SRX9504942_SRR13055520_2.fastq.gz:md5,c3f34379356b28d6dac7212abc1a0a04"
                        ]
                    ],
                    [
                        {
                            "id": "SRX9626017_SRR13191702",
                            "run_accession": "SRR13191702",
                            "experiment_accession": "SRX9626017",
                            "sample_accession": "SAMN16980141",
                            "secondary_sample_accession": "SRS7827211",
                            "study_accession": "PRJNA682076",
                            "secondary_study_accession": "SRP295653",
                            "submission_accession": "SRA1166126",
                            "run_alias": "S.170804.00784_662_L001_R1_001.fastq.gz",
                            "experiment_alias": "S.170804.00784",
                            "sample_alias": "S.170804.00784_662",
                            "study_alias": "PRJNA682076",
                            "library_layout": "PAIRED",
                            "library_selection": "PCR",
                            "library_source": "METAGENOMIC",
                            "library_strategy": "AMPLICON",
                            "library_name": "S.170804.00784",
                            "instrument_model": "Illumina HiSeq 2500",
                            "instrument_platform": "ILLUMINA",
                            "base_count": "45682",
                            "read_count": "91",
                            "tax_id": "408170",
                            "scientific_name": "human gut metagenome",
                            "sample_title": "Metagenome or environmental sample from human gut metagenome",
                            "experiment_title": "Illumina HiSeq 2500 sequencing: Stool Microbiome Features to Discriminate Clostridium Difficile Colonization and Infection",
                            "study_title": "Stool Microbiome Features to Discriminate Clostridium Difficile Colonization and Infection",
                            "sample_description": "Metagenome or environmental sample from human gut metagenome",
                            "fastq_md5": "89c5be920021a035084d8aeb74f32df7;56271be38a80db78ef3bdfc5d9909b98",
                            "fastq_bytes": "15420;16324",
                            "fastq_ftp": "ftp.sra.ebi.ac.uk/vol1/fastq/SRR131/002/SRR13191702/SRR13191702_1.fastq.gz;ftp.sra.ebi.ac.uk/vol1/fastq/SRR131/002/SRR13191702/SRR13191702_2.fastq.gz",
                            "fastq_galaxy": "ftp.sra.ebi.ac.uk/vol1/fastq/SRR131/002/SRR13191702/SRR13191702_1.fastq.gz;ftp.sra.ebi.ac.uk/vol1/fastq/SRR131/002/SRR13191702/SRR13191702_2.fastq.gz",
                            "fastq_aspera": "fasp.sra.ebi.ac.uk:/vol1/fastq/SRR131/002/SRR13191702/SRR13191702_1.fastq.gz;fasp.sra.ebi.ac.uk:/vol1/fastq/SRR131/002/SRR13191702/SRR13191702_2.fastq.gz",
                            "fastq_1": "ftp.sra.ebi.ac.uk/vol1/fastq/SRR131/002/SRR13191702/SRR13191702_1.fastq.gz",
                            "fastq_2": "ftp.sra.ebi.ac.uk/vol1/fastq/SRR131/002/SRR13191702/SRR13191702_2.fastq.gz",
                            "md5_1": "89c5be920021a035084d8aeb74f32df7",
                            "md5_2": "56271be38a80db78ef3bdfc5d9909b98",
                            "single_end": false
                        },
                        [
                            "SRX9626017_SRR13191702_1.fastq.gz:md5,89c5be920021a035084d8aeb74f32df7",
                            "SRX9626017_SRR13191702_2.fastq.gz:md5,56271be38a80db78ef3bdfc5d9909b98"
                        ]
                    ]
                ],
                "mappings": [
                    "id_mappings.csv:md5,3e287081f1e9349921fa8c709a874565"
                ],
                "samplesheet": [
                    "samplesheet.csv:md5,f0b7e9436c6feb1a31c49c2c8ab761a2"
                ],
                "versions": [
                    "versions.yml:md5,b52279f7d6b891a6523d9321f3f85b47",
                    "versions.yml:md5,45e4a369df2d3af023b8622aa3f6d5a8",
                    "versions.yml:md5,9b17045ca8bdc272cb3f9d349a81d206",
                    "versions.yml:md5,e977678bd13a54fc9c31addf135be15e",
                    "versions.yml:md5,b21338b74b9a8fe0c7a114f7686c07cd"
                ]
            }
        ],
        "timestamp": "2023-09-11T16:53:44.32524"
    }
}