{
    "Parameters: --nf_core_pipeline rnaseq --ena_metadata_fields ... --sample_mapping_fields ...": {
        "content": [
            {
                "0": [
                    
                ],
                "1": [
                    "samplesheet.csv:md5,7cc8031f595157c6ac13ba5067e4bcfb"
                ],
                "2": [
                    "id_mappings.csv:md5,7ee50def039a942e0ac8ca63292c8368"
                ],
                "3": [
                    [
                        "multiqc_config.yml:md5,3bc981f0de28023083cdf13691d249d5",
                        "versions.yml:md5,1496d1cbc9041e07ab8a0c25f0b054d9"
                    ]
                ],
                "4": [
                    "versions.yml:md5,1496d1cbc9041e07ab8a0c25f0b054d9",
                    "versions.yml:md5,45e4a369df2d3af023b8622aa3f6d5a8",
                    "versions.yml:md5,98a3ee9aa3bcc3b080247bccde481bbb",
                    "versions.yml:md5,9b17045ca8bdc272cb3f9d349a81d206",
                    "versions.yml:md5,b52279f7d6b891a6523d9321f3f85b47"
                ],
                "fastq": [
                    
                ],
                "mappings": [
                    "id_mappings.csv:md5,7ee50def039a942e0ac8ca63292c8368"
                ],
                "sample_mappings": [
                    [
                        "multiqc_config.yml:md5,3bc981f0de28023083cdf13691d249d5",
                        "versions.yml:md5,1496d1cbc9041e07ab8a0c25f0b054d9"
                    ]
                ],
                "samplesheet": [
                    "samplesheet.csv:md5,7cc8031f595157c6ac13ba5067e4bcfb"
                ],
                "versions": [
                    "versions.yml:md5,1496d1cbc9041e07ab8a0c25f0b054d9",
                    "versions.yml:md5,45e4a369df2d3af023b8622aa3f6d5a8",
                    "versions.yml:md5,98a3ee9aa3bcc3b080247bccde481bbb",
                    "versions.yml:md5,9b17045ca8bdc272cb3f9d349a81d206",
                    "versions.yml:md5,b52279f7d6b891a6523d9321f3f85b47"
                ]
            }
        ],
        "timestamp": "2024-01-05T17:27:38.720872"
    }
}