{
    "Parameters: --nf_core_pipeline atacseq": {
        "content": [
            {
                "0": [
                    
                ],
                "1": [
                    "samplesheet.csv:md5,0deebc93328dcbb63762aa91d4fc9f35"
                ],
                "2": [
                    "id_mappings.csv:md5,57116724ccf0215795b44d4458e6861f"
                ],
                "3": [
                    [
                        "multiqc_config.yml:md5,77050a65c8ad23e5b052b576bff1eeff",
                        "versions.yml:md5,1496d1cbc9041e07ab8a0c25f0b054d9"
                    ]
                ],
                "4": [
                    "versions.yml:md5,1496d1cbc9041e07ab8a0c25f0b054d9",
                    "versions.yml:md5,45e4a369df2d3af023b8622aa3f6d5a8",
                    "versions.yml:md5,9b17045ca8bdc272cb3f9d349a81d206",
                    "versions.yml:md5,b21338b74b9a8fe0c7a114f7686c07cd",
                    "versions.yml:md5,b52279f7d6b891a6523d9321f3f85b47",
                    "versions.yml:md5,e977678bd13a54fc9c31addf135be15e"
                ],
                "fastq": [
                    
                ],
                "mappings": [
                    "id_mappings.csv:md5,57116724ccf0215795b44d4458e6861f"
                ],
                "sample_mappings": [
                    [
                        "multiqc_config.yml:md5,77050a65c8ad23e5b052b576bff1eeff",
                        "versions.yml:md5,1496d1cbc9041e07ab8a0c25f0b054d9"
                    ]
                ],
                "samplesheet": [
                    "samplesheet.csv:md5,0deebc93328dcbb63762aa91d4fc9f35"
                ],
                "versions": [
                    "versions.yml:md5,1496d1cbc9041e07ab8a0c25f0b054d9",
                    "versions.yml:md5,45e4a369df2d3af023b8622aa3f6d5a8",
                    "versions.yml:md5,9b17045ca8bdc272cb3f9d349a81d206",
                    "versions.yml:md5,b21338b74b9a8fe0c7a114f7686c07cd",
                    "versions.yml:md5,b52279f7d6b891a6523d9321f3f85b47",
                    "versions.yml:md5,e977678bd13a54fc9c31addf135be15e"
                ]
            }
        ],
        "timestamp": "2023-10-13T13:37:42.486986"
    }
}