{
    "Parameters: --skip_fastq_download": {
        "content": [
            {
                "0": [
                    
                ],
                "1": [
                    "samplesheet.csv:md5,7cf3503b651fe016bc1e5fb3c2e996d5"
                ],
                "2": [
                    "id_mappings.csv:md5,3e287081f1e9349921fa8c709a874565"
                ],
                "3": [
                    "versions.yml:md5,b52279f7d6b891a6523d9321f3f85b47",
                    "versions.yml:md5,9b17045ca8bdc272cb3f9d349a81d206",
                    "versions.yml:md5,b21338b74b9a8fe0c7a114f7686c07cd"
                ],
                "fastq": [
                    
                ],
                "mappings": [
                    "id_mappings.csv:md5,3e287081f1e9349921fa8c709a874565"
                ],
                "samplesheet": [
                    "samplesheet.csv:md5,7cf3503b651fe016bc1e5fb3c2e996d5"
                ],
                "versions": [
                    "versions.yml:md5,b52279f7d6b891a6523d9321f3f85b47",
                    "versions.yml:md5,9b17045ca8bdc272cb3f9d349a81d206",
                    "versions.yml:md5,b21338b74b9a8fe0c7a114f7686c07cd"
                ]
            }
        ],
        "timestamp": "2023-09-11T18:56:34.175665"
    }
}