{
    "Parameters: --skip_fastq_download": {
        "content": [
            {
                "0": [
                    "samplesheet.csv:md5,eb18025bb1cb97a4fe399ca16757d2db"
                ],
                "1": [
                    "id_mappings.csv:md5,f7c0bd1713fe14917b4298e252312296"
                ],
                "2": [
                    [
                        "multiqc_config.yml:md5,6d4c3e5137704358474330207f5f2b5c",
                        "versions.yml:md5,1496d1cbc9041e07ab8a0c25f0b054d9"
                    ]
                ],
                "3": [
                    {
                        "base_count": "35658",
                        "experiment_accession": "ERX1234253",
                        "experiment_alias": "qiita_ptid_1263:10317.BLANK.93.3E.r22",
                        "experiment_title": "Illumina HiSeq 2500 sequencing: qiita_ptid_1263:10317.BLANK.93.3E.r22",
                        "fastq_1": "ftp.sra.ebi.ac.uk/vol1/fastq/ERR116/006/ERR1160846/ERR1160846.fastq.gz",
                        "fastq_2": "",
                        "fastq_aspera": "fasp.sra.ebi.ac.uk:/vol1/fastq/ERR116/006/ERR1160846/ERR1160846.fastq.gz",
                        "fastq_bytes": "18077",
                        "fastq_ftp": "ftp.sra.ebi.ac.uk/vol1/fastq/ERR116/006/ERR1160846/ERR1160846.fastq.gz",
                        "fastq_galaxy": "ftp.sra.ebi.ac.uk/vol1/fastq/ERR116/006/ERR1160846/ERR1160846.fastq.gz",
                        "fastq_md5": "5924f20ef547ebdfed7cad795bbab6e6",
                        "id": "ERX1234253_ERR1160846",
                        "instrument_model": "Illumina HiSeq 2500",
                        "instrument_platform": "ILLUMINA",
                        "library_layout": "SINGLE",
                        "library_name": "10317.BLANK.93.3E.r22",
                        "library_selection": "PCR",
                        "library_source": "METAGENOMIC",
                        "library_strategy": "AMPLICON",
                        "md5_1": "5924f20ef547ebdfed7cad795bbab6e6",
                        "md5_2": "",
                        "read_count": "283",
                        "run_accession": "ERR1160846",
                        "run_alias": "qiita_ppdid_706:10317.BLANK.93.3E.r22",
                        "sample_accession": "SAMEA3687214",
                        "sample_alias": "qiita_sid_10317:10317.BLANK.93.3E.r22",
                        "sample_description": "American Gut control",
                        "sample_title": "10317.BLANK.93.3E.r22",
                        "scientific_name": "metagenome",
                        "secondary_sample_accession": "ERS994363",
                        "secondary_study_accession": "ERP012803",
                        "single_end": true,
                        "study_accession": "PRJEB11419",
                        "study_alias": "qiita_sid_10317",
                        "study_title": "American Gut Project",
                        "submission_accession": "ERA541392",
                        "tax_id": "256318"
                    },
                    {
                        "base_count": "431758",
                        "experiment_accession": "SRX9315476",
                        "experiment_alias": "F11-N1-05",
                        "experiment_title": "Illumina HiSeq 3000 sequencing: Haplotype tagging reveals parallel formation of hybrid races in two butterfly species",
                        "fastq_1": "",
                        "fastq_2": "",
                        "fastq_aspera": "",
                        "fastq_bytes": "",
                        "fastq_ftp": "",
                        "fastq_galaxy": "",
                        "fastq_md5": "",
                        "id": "SRX9315476_SRR12848126",
                        "instrument_model": "Illumina HiSeq 3000",
                        "instrument_platform": "ILLUMINA",
                        "library_layout": "PAIRED",
                        "library_name": "F11-N1-05",
                        "library_selection": "RANDOM PCR",
                        "library_source": "GENOMIC",
                        "library_strategy": "Synthetic-Long-Read",
                        "md5_1": "",
                        "md5_2": "",
                        "read_count": "2954",
                        "run_accession": "SRR12848126",
                        "run_alias": "Longshanks_F11-N1-05_haplo.pMarkdup.chr3_focal.bam",
                        "sample_accession": "SAMN16455283",
                        "sample_alias": "F11-N1-05",
                        "sample_description": "F11-N1-05",
                        "sample_title": "Longshanks_F11-N1-05",
                        "scientific_name": "Mus musculus domesticus",
                        "secondary_sample_accession": "SRS7540262",
                        "secondary_study_accession": "SRP287769",
                        "single_end": false,
                        "study_accession": "PRJNA670070",
                        "study_alias": "PRJNA670070",
                        "study_title": "Haplotype tagging reveals parallel formation of hybrid races in two butterfly species",
                        "submission_accession": "SRA1145417",
                        "tax_id": "10092"
                    },
                    {
                        "base_count": "573417800",
                        "experiment_accession": "SRX17709227",
                        "experiment_alias": "GSM6601460_r1",
                        "experiment_title": "Illumina HiSeq 4000 sequencing: GSM6601460: sham-treated worms in day 5 Caenorhabditis elegans RNA-Seq",
                        "fastq_1": "ftp.sra.ebi.ac.uk/vol1/fastq/SRR217/056/SRR21711856/SRR21711856.fastq.gz",
                        "fastq_2": "",
                        "fastq_aspera": "fasp.sra.ebi.ac.uk:/vol1/fastq/SRR217/056/SRR21711856/SRR21711856.fastq.gz",
                        "fastq_bytes": "447377777",
                        "fastq_ftp": "ftp.sra.ebi.ac.uk/vol1/fastq/SRR217/056/SRR21711856/SRR21711856.fastq.gz",
                        "fastq_galaxy": "ftp.sra.ebi.ac.uk/vol1/fastq/SRR217/056/SRR21711856/SRR21711856.fastq.gz",
                        "fastq_md5": "7cd1402155befc87be338132d1f31f64",
                        "id": "SRX17709227_SRR21711856",
                        "instrument_model": "Illumina HiSeq 4000",
                        "instrument_platform": "ILLUMINA",
                        "library_layout": "SINGLE",
                        "library_name": "GSM6601460",
                        "library_selection": "cDNA",
                        "library_source": "TRANSCRIPTOMIC",
                        "library_strategy": "RNA-Seq",
                        "md5_1": "7cd1402155befc87be338132d1f31f64",
                        "md5_2": "",
                        "read_count": "11468356",
                        "run_accession": "SRR21711856",
                        "run_alias": "GSM6601460_r1",
                        "sample_accession": "SAMN31021823",
                        "sample_alias": "GSM6601460",
                        "sample_description": "sham-treated worms in day 5",
                        "sample_title": "sham-treated worms in day 5",
                        "scientific_name": "Caenorhabditis elegans",
                        "secondary_sample_accession": "SRS15239723",
                        "secondary_study_accession": "SRP399678",
                        "single_end": true,
                        "study_accession": "PRJNA884373",
                        "study_alias": "GSE214215",
                        "study_title": "PM2.5 exposure induces lifespan reduction in Caenorhabditis elegans",
                        "submission_accession": "SRA1507236",
                        "tax_id": "6239"
                    },
                    {
                        "base_count": "677912850",
                        "experiment_accession": "SRX17709228",
                        "experiment_alias": "GSM6601461_r1",
                        "experiment_title": "Illumina HiSeq 4000 sequencing: GSM6601461: PM2.5-treated worms in day 5 Caenorhabditis elegans RNA-Seq",
                        "fastq_1": "ftp.sra.ebi.ac.uk/vol1/fastq/SRR217/055/SRR21711855/SRR21711855.fastq.gz",
                        "fastq_2": "",
                        "fastq_aspera": "fasp.sra.ebi.ac.uk:/vol1/fastq/SRR217/055/SRR21711855/SRR21711855.fastq.gz",
                        "fastq_bytes": "529798447",
                        "fastq_ftp": "ftp.sra.ebi.ac.uk/vol1/fastq/SRR217/055/SRR21711855/SRR21711855.fastq.gz",
                        "fastq_galaxy": "ftp.sra.ebi.ac.uk/vol1/fastq/SRR217/055/SRR21711855/SRR21711855.fastq.gz",
                        "fastq_md5": "cbe4e9f967a71593f9ec3c6edaf11c83",
                        "id": "SRX17709228_SRR21711855",
                        "instrument_model": "Illumina HiSeq 4000",
                        "instrument_platform": "ILLUMINA",
                        "library_layout": "SINGLE",
                        "library_name": "GSM6601461",
                        "library_selection": "cDNA",
                        "library_source": "TRANSCRIPTOMIC",
                        "library_strategy": "RNA-Seq",
                        "md5_1": "cbe4e9f967a71593f9ec3c6edaf11c83",
                        "md5_2": "",
                        "read_count": "13558257",
                        "run_accession": "SRR21711855",
                        "run_alias": "GSM6601461_r1",
                        "sample_accession": "SAMN31021822",
                        "sample_alias": "GSM6601461",
                        "sample_description": "PM2.5-treated worms in day 5",
                        "sample_title": "PM2.5-treated worms in day 5",
                        "scientific_name": "Caenorhabditis elegans",
                        "secondary_sample_accession": "SRS15239724",
                        "secondary_study_accession": "SRP399678",
                        "single_end": true,
                        "study_accession": "PRJNA884373",
                        "study_alias": "GSE214215",
                        "study_title": "PM2.5 exposure induces lifespan reduction in Caenorhabditis elegans",
                        "submission_accession": "SRA1507236",
                        "tax_id": "6239"
                    }
                ],
                "4": [
                    "versions.yml:md5,1496d1cbc9041e07ab8a0c25f0b054d9",
                    "versions.yml:md5,9b17045ca8bdc272cb3f9d349a81d206",
                    "versions.yml:md5,b52279f7d6b891a6523d9321f3f85b47"
                ],
                "mappings": [
                    "id_mappings.csv:md5,f7c0bd1713fe14917b4298e252312296"
                ],
                "sample_mappings": [
                    [
                        "multiqc_config.yml:md5,6d4c3e5137704358474330207f5f2b5c",
                        "versions.yml:md5,1496d1cbc9041e07ab8a0c25f0b054d9"
                    ]
                ],
                "samplesheet": [
                    "samplesheet.csv:md5,eb18025bb1cb97a4fe399ca16757d2db"
                ],
                "sra_metadata": [
                    {
                        "base_count": "35658",
                        "experiment_accession": "ERX1234253",
                        "experiment_alias": "qiita_ptid_1263:10317.BLANK.93.3E.r22",
                        "experiment_title": "Illumina HiSeq 2500 sequencing: qiita_ptid_1263:10317.BLANK.93.3E.r22",
                        "fastq_1": "ftp.sra.ebi.ac.uk/vol1/fastq/ERR116/006/ERR1160846/ERR1160846.fastq.gz",
                        "fastq_2": "",
                        "fastq_aspera": "fasp.sra.ebi.ac.uk:/vol1/fastq/ERR116/006/ERR1160846/ERR1160846.fastq.gz",
                        "fastq_bytes": "18077",
                        "fastq_ftp": "ftp.sra.ebi.ac.uk/vol1/fastq/ERR116/006/ERR1160846/ERR1160846.fastq.gz",
                        "fastq_galaxy": "ftp.sra.ebi.ac.uk/vol1/fastq/ERR116/006/ERR1160846/ERR1160846.fastq.gz",
                        "fastq_md5": "5924f20ef547ebdfed7cad795bbab6e6",
                        "id": "ERX1234253_ERR1160846",
                        "instrument_model": "Illumina HiSeq 2500",
                        "instrument_platform": "ILLUMINA",
                        "library_layout": "SINGLE",
                        "library_name": "10317.BLANK.93.3E.r22",
                        "library_selection": "PCR",
                        "library_source": "METAGENOMIC",
                        "library_strategy": "AMPLICON",
                        "md5_1": "5924f20ef547ebdfed7cad795bbab6e6",
                        "md5_2": "",
                        "read_count": "283",
                        "run_accession": "ERR1160846",
                        "run_alias": "qiita_ppdid_706:10317.BLANK.93.3E.r22",
                        "sample_accession": "SAMEA3687214",
                        "sample_alias": "qiita_sid_10317:10317.BLANK.93.3E.r22",
                        "sample_description": "American Gut control",
                        "sample_title": "10317.BLANK.93.3E.r22",
                        "scientific_name": "metagenome",
                        "secondary_sample_accession": "ERS994363",
                        "secondary_study_accession": "ERP012803",
                        "single_end": true,
                        "study_accession": "PRJEB11419",
                        "study_alias": "qiita_sid_10317",
                        "study_title": "American Gut Project",
                        "submission_accession": "ERA541392",
                        "tax_id": "256318"
                    },
                    {
                        "base_count": "431758",
                        "experiment_accession": "SRX9315476",
                        "experiment_alias": "F11-N1-05",
                        "experiment_title": "Illumina HiSeq 3000 sequencing: Haplotype tagging reveals parallel formation of hybrid races in two butterfly species",
                        "fastq_1": "",
                        "fastq_2": "",
                        "fastq_aspera": "",
                        "fastq_bytes": "",
                        "fastq_ftp": "",
                        "fastq_galaxy": "",
                        "fastq_md5": "",
                        "id": "SRX9315476_SRR12848126",
                        "instrument_model": "Illumina HiSeq 3000",
                        "instrument_platform": "ILLUMINA",
                        "library_layout": "PAIRED",
                        "library_name": "F11-N1-05",
                        "library_selection": "RANDOM PCR",
                        "library_source": "GENOMIC",
                        "library_strategy": "Synthetic-Long-Read",
                        "md5_1": "",
                        "md5_2": "",
                        "read_count": "2954",
                        "run_accession": "SRR12848126",
                        "run_alias": "Longshanks_F11-N1-05_haplo.pMarkdup.chr3_focal.bam",
                        "sample_accession": "SAMN16455283",
                        "sample_alias": "F11-N1-05",
                        "sample_description": "F11-N1-05",
                        "sample_title": "Longshanks_F11-N1-05",
                        "scientific_name": "Mus musculus domesticus",
                        "secondary_sample_accession": "SRS7540262",
                        "secondary_study_accession": "SRP287769",
                        "single_end": false,
                        "study_accession": "PRJNA670070",
                        "study_alias": "PRJNA670070",
                        "study_title": "Haplotype tagging reveals parallel formation of hybrid races in two butterfly species",
                        "submission_accession": "SRA1145417",
                        "tax_id": "10092"
                    },
                    {
                        "base_count": "573417800",
                        "experiment_accession": "SRX17709227",
                        "experiment_alias": "GSM6601460_r1",
                        "experiment_title": "Illumina HiSeq 4000 sequencing: GSM6601460: sham-treated worms in day 5 Caenorhabditis elegans RNA-Seq",
                        "fastq_1": "ftp.sra.ebi.ac.uk/vol1/fastq/SRR217/056/SRR21711856/SRR21711856.fastq.gz",
                        "fastq_2": "",
                        "fastq_aspera": "fasp.sra.ebi.ac.uk:/vol1/fastq/SRR217/056/SRR21711856/SRR21711856.fastq.gz",
                        "fastq_bytes": "447377777",
                        "fastq_ftp": "ftp.sra.ebi.ac.uk/vol1/fastq/SRR217/056/SRR21711856/SRR21711856.fastq.gz",
                        "fastq_galaxy": "ftp.sra.ebi.ac.uk/vol1/fastq/SRR217/056/SRR21711856/SRR21711856.fastq.gz",
                        "fastq_md5": "7cd1402155befc87be338132d1f31f64",
                        "id": "SRX17709227_SRR21711856",
                        "instrument_model": "Illumina HiSeq 4000",
                        "instrument_platform": "ILLUMINA",
                        "library_layout": "SINGLE",
                        "library_name": "GSM6601460",
                        "library_selection": "cDNA",
                        "library_source": "TRANSCRIPTOMIC",
                        "library_strategy": "RNA-Seq",
                        "md5_1": "7cd1402155befc87be338132d1f31f64",
                        "md5_2": "",
                        "read_count": "11468356",
                        "run_accession": "SRR21711856",
                        "run_alias": "GSM6601460_r1",
                        "sample_accession": "SAMN31021823",
                        "sample_alias": "GSM6601460",
                        "sample_description": "sham-treated worms in day 5",
                        "sample_title": "sham-treated worms in day 5",
                        "scientific_name": "Caenorhabditis elegans",
                        "secondary_sample_accession": "SRS15239723",
                        "secondary_study_accession": "SRP399678",
                        "single_end": true,
                        "study_accession": "PRJNA884373",
                        "study_alias": "GSE214215",
                        "study_title": "PM2.5 exposure induces lifespan reduction in Caenorhabditis elegans",
                        "submission_accession": "SRA1507236",
                        "tax_id": "6239"
                    },
                    {
                        "base_count": "677912850",
                        "experiment_accession": "SRX17709228",
                        "experiment_alias": "GSM6601461_r1",
                        "experiment_title": "Illumina HiSeq 4000 sequencing: GSM6601461: PM2.5-treated worms in day 5 Caenorhabditis elegans RNA-Seq",
                        "fastq_1": "ftp.sra.ebi.ac.uk/vol1/fastq/SRR217/055/SRR21711855/SRR21711855.fastq.gz",
                        "fastq_2": "",
                        "fastq_aspera": "fasp.sra.ebi.ac.uk:/vol1/fastq/SRR217/055/SRR21711855/SRR21711855.fastq.gz",
                        "fastq_bytes": "529798447",
                        "fastq_ftp": "ftp.sra.ebi.ac.uk/vol1/fastq/SRR217/055/SRR21711855/SRR21711855.fastq.gz",
                        "fastq_galaxy": "ftp.sra.ebi.ac.uk/vol1/fastq/SRR217/055/SRR21711855/SRR21711855.fastq.gz",
                        "fastq_md5": "cbe4e9f967a71593f9ec3c6edaf11c83",
                        "id": "SRX17709228_SRR21711855",
                        "instrument_model": "Illumina HiSeq 4000",
                        "instrument_platform": "ILLUMINA",
                        "library_layout": "SINGLE",
                        "library_name": "GSM6601461",
                        "library_selection": "cDNA",
                        "library_source": "TRANSCRIPTOMIC",
                        "library_strategy": "RNA-Seq",
                        "md5_1": "cbe4e9f967a71593f9ec3c6edaf11c83",
                        "md5_2": "",
                        "read_count": "13558257",
                        "run_accession": "SRR21711855",
                        "run_alias": "GSM6601461_r1",
                        "sample_accession": "SAMN31021822",
                        "sample_alias": "GSM6601461",
                        "sample_description": "PM2.5-treated worms in day 5",
                        "sample_title": "PM2.5-treated worms in day 5",
                        "scientific_name": "Caenorhabditis elegans",
                        "secondary_sample_accession": "SRS15239724",
                        "secondary_study_accession": "SRP399678",
                        "single_end": true,
                        "study_accession": "PRJNA884373",
                        "study_alias": "GSE214215",
                        "study_title": "PM2.5 exposure induces lifespan reduction in Caenorhabditis elegans",
                        "submission_accession": "SRA1507236",
                        "tax_id": "6239"
                    }
                ],
                "versions": [
                    "versions.yml:md5,1496d1cbc9041e07ab8a0c25f0b054d9",
                    "versions.yml:md5,9b17045ca8bdc272cb3f9d349a81d206",
                    "versions.yml:md5,b52279f7d6b891a6523d9321f3f85b47"
                ]
            }
        ],
        "timestamp": "2024-01-07T15:11:52.542678"
    }
}