{
    "Parameters: --nf_core_pipeline taxprofiler": {
        "content": [
            {
                "0": [
                    
                ],
                "1": [
                    "samplesheet.csv:md5,fe3c7ba9e7b7debe07291d6125f9edc7"
                ],
                "2": [
                    "id_mappings.csv:md5,f7c0bd1713fe14917b4298e252312296"
                ],
                "3": [
                    [
                        "multiqc_config.yml:md5,6d4c3e5137704358474330207f5f2b5c",
                        "versions.yml:md5,1496d1cbc9041e07ab8a0c25f0b054d9"
                    ]
                ],
                "4": [
                    "versions.yml:md5,1496d1cbc9041e07ab8a0c25f0b054d9",
                    "versions.yml:md5,45e4a369df2d3af023b8622aa3f6d5a8",
                    "versions.yml:md5,98a3ee9aa3bcc3b080247bccde481bbb",
                    "versions.yml:md5,9b17045ca8bdc272cb3f9d349a81d206",
                    "versions.yml:md5,b52279f7d6b891a6523d9321f3f85b47"
                ],
                "fastq": [
                    
                ],
                "mappings": [
                    "id_mappings.csv:md5,f7c0bd1713fe14917b4298e252312296"
                ],
                "sample_mappings": [
                    [
                        "multiqc_config.yml:md5,6d4c3e5137704358474330207f5f2b5c",
                        "versions.yml:md5,1496d1cbc9041e07ab8a0c25f0b054d9"
                    ]
                ],
                "samplesheet": [
                    "samplesheet.csv:md5,fe3c7ba9e7b7debe07291d6125f9edc7"
                ],
                "versions": [
                    "versions.yml:md5,1496d1cbc9041e07ab8a0c25f0b054d9",
                    "versions.yml:md5,45e4a369df2d3af023b8622aa3f6d5a8",
                    "versions.yml:md5,98a3ee9aa3bcc3b080247bccde481bbb",
                    "versions.yml:md5,9b17045ca8bdc272cb3f9d349a81d206",
                    "versions.yml:md5,b52279f7d6b891a6523d9321f3f85b47"
                ]
            }
        ],
        "timestamp": "2024-01-05T17:47:55.191319"
    }
}