{
    "Should run without failures without fields": {
        "content": [
            {
                "0": [
                    "SRR9984183.runinfo.tsv:md5,6bc8bfb7058412e5a54b83e08d3d1673"
                ],
                "1": [
                    "versions.yml:md5,61ebf47bc00075513ff16295beddb197"
                ],
                "tsv": [
                    "SRR9984183.runinfo.tsv:md5,6bc8bfb7058412e5a54b83e08d3d1673"
                ],
                "versions": [
                    "versions.yml:md5,61ebf47bc00075513ff16295beddb197"
                ]
            }
        ],
        "timestamp": "2023-05-09T02:22:52+0000"
    },
    "Should run without failures with fields": {
        "content": [
            {
                "0": [
                    "SRR9984183.runinfo.tsv:md5,6419f18c29ab09634b3dd97a6b2acd06"
                ],
                "1": [
                    "versions.yml:md5,61ebf47bc00075513ff16295beddb197"
                ],
                "tsv": [
                    "SRR9984183.runinfo.tsv:md5,6419f18c29ab09634b3dd97a6b2acd06"
                ],
                "versions": [
                    "versions.yml:md5,61ebf47bc00075513ff16295beddb197"
                ]
            }
        ],
        "timestamp": "2023-05-09T02:22:52+0000"
    }
}