{
    "test_se_reads_size": {
        "content": [
            19996
        ],
        "meta": {
            "nf-test": "0.9.2",
            "nextflow": "25.04.6"
        },
        "timestamp": "2025-08-14T15:00:55.000747"
    },
    "test_pe_reads_2_lines": {
        "content": [
            [
                "@SRR11140744.1 M01472:285:000000000-CYHNP:1:1101:12117:3295 length=251",
                "ACAGGACACGAGTAACTCGTCTATCTTCTGCTGGCTGCTTACGGTTTCGTCCGTGTTGCAGCCGATCATCAGCACATCTAGGTTTCGTCCGGGTGTGACCGAAAGGTAAGATGGAGAGCCTTGTCCCTGGTTTCAACGAGAAAACACACGTCCAACTCAGTTTGCCTGTTTTACAGGTTCGCGACGTGCTCGTACGTGGCTTTGGAGACTCCGTGGAGGAGGTCTTATCAGAGGCACGTCAACATCTTAAA",
                "+SRR11140744.1 M01472:285:000000000-CYHNP:1:1101:12117:3295 length=251",
                "ABAAAFBFFBDBGGGGGGGGGGHHHHHHHHHHCHGHGGGHHHGGHGGHGHGGGHFHHHHHHHHGGGGGHHHHHHHHHFHHHHGHHHGHGGGGGEFGDGHHGFGGGHHHHHGHHGGHHFHHHHGHHHHHHHHHHHHHHGFFGGHHHHHHGGHHGGHHHHHEGHHHHHHHGHHGHHFHHHHHGGGGGGGGGGGGAGGG9BEFFFFFFFFFFFFFFEEFFFFFFFA.FFFFFFFEFEFFFFFFF.BFFFFFFFB",
                "@SRR11140744.2 M01472:285:000000000-CYHNP:1:1101:20752:3564 length=238",
                "GTGCACTCACGCAGTATAATTAATAACTAATTACTGTCGTTGACAGGACACGAGTAACTCGTCTATCTTCTGCAGGCTGCTTACGGTTTCGTCCGTGTTGCAGCCGATCATCAGCACATCTAGGTTTCGTCCGGGTGTGACCGAAAGGTAAGATGGAGAGCCTTGTCCCTGGTTTCAACGAGAAAACACACGTCCAACTCAGTTTGCCTGTTTTACAGGTTCGCGACGTGCTCGTACG"
            ]
        ],
        "meta": {
            "nf-test": "0.9.2",
            "nextflow": "25.04.6"
        },
        "timestamp": "2025-08-14T15:00:54.994204"
    },
    "test_pe_reads_2_size": {
        "content": [
            2011460
        ],
        "meta": {
            "nf-test": "0.9.2",
            "nextflow": "25.04.6"
        },
        "timestamp": "2025-08-14T15:00:54.996252"
    },
    "versions": {
        "content": [
            [
                "versions.yml:md5,4146bec4feafc4feada81bcd86180836",
                "versions.yml:md5,44c44e0430f2f8aff8aef894c79ae2c8",
                "versions.yml:md5,9c64ac49745ab1738b7edeecee34f559"
            ]
        ],
        "meta": {
            "nf-test": "0.9.2",
            "nextflow": "25.04.6"
        },
        "timestamp": "2025-08-14T15:00:55.003931"
    },
    "test_pe_reads_1_size": {
        "content": [
            2013376
        ],
        "meta": {
            "nf-test": "0.9.2",
            "nextflow": "25.04.6"
        },
        "timestamp": "2025-08-14T15:00:54.990405"
    },
    "test_se_reads_lines": {
        "content": [
            [
                "@DRR000774.1 1 length=421",
                "ACGCAGGTGCCAGCAGCCGCGGTAATACGTAGGATCCGAGCGTTGTCCGGATTTATTGGGCGTAAAGGGTGCGTAGGCGGCTTGTCAAGTCTCATGTGAAATCTCCCGGCTCAACTGGGAGGGTCATGGGAAACTGATGAGCTCGAGGGCAGTAGAGGGAAGCGGAATTCCGAGAGTAGTGGTGAAATGCGTAGATACTCGGAGGAACACCAGTGGCGAAAGCGGCTTCCTGGACTGTACCTGACGCTGAGGCACGAAAGCGTGGGGAGCAAACCGGATTAGATACCCGGGTAGTCCACGCCCTAAACGATGGATACTAGATATAGGGGGTATCGACCCTCTGTGTCGAAGCTAACGCATTAAGTATCCCGCCTGAGGAGTACGGCCGCAAGGCTAAAACTTAAGGAATTGACGGCTGCGT",
                "+DRR000774.1 1 length=421",
                "FFFFFFFFFFFIIIIIIIIIIIIIIIIIIIIIIIIIIIIIIIIIIIIIIIHHFFFFFFFFFFFFFFFFFFFFFFFFFFFFFFFFFFFFFFFFFFFFFF:88FFF888???DBBBBB666F222ADDDFFF::;FFFFFFFFFFFFFFFFFFFFFFFFFFFF9:::FFFFCCCFFFFDDDFFFFF<<<FFFFFFFFFFFFFFFFFFFFFDDDFFFFFCC???FFCAADD::9FFFFD;;;FFFFFFFFFFFFFFFGA?==BA==2221<6@;<<@@551?ADDDDD:::CC?DBABBA5552219;;87<7988?====BDD:::?57555??=<4/0004044???ABDDDDDDDDB><<<8888886623//38><83238@B@@<;855557,,,,,,,0/0;;8:==DDDDDDDDD9:",
                "@DRR000774.2 2 length=126",
                "ACGCAGGTGCCAGCAGCCGCGGTAATACGGAGGGAGCTAGCGTTGTTCGGAATTACTGGGCGTAAAGCGCACGTAGGCGGCTTTTCAAGTCAGGGGTGGAAATACCCGGGGCCGTCAACCCGACCG"
            ]
        ],
        "meta": {
            "nf-test": "0.9.2",
            "nextflow": "25.04.6"
        },
        "timestamp": "2025-08-14T15:00:54.998236"
    },
    "test_pe_reads_1_lines": {
        "content": [
            [
                "@SRR11140744.1 M01472:285:000000000-CYHNP:1:1101:12117:3295 length=251",
                "ACATAGGGCTGTTCAAGTTGAGGCAAAACGCCTTTTTCAACTTCTACTAAGCCACAAGTGCCATCTTTAAGATGTTGACGTGCCTCTGATAAGACCTCCTCCACGGAGTCTCCAAAGCCACGTACGAGCACGTCGCGAACCTGTAAAACAGGCAAACTGAGTTGGACGTGTGTTTTCTCGTTGAAACCAGGGACAAGGCTCTCCATCTTACCTTTCGGTCACACCCGGACGAAACCTAGATGTGCTGATGA",
                "+SRR11140744.1 M01472:285:000000000-CYHNP:1:1101:12117:3295 length=251",
                "BCCCCFFFFFCFGGGGGGGGGGHGGHHHHGGGHGHHHHHHHHHHHHHHHHHHHHHHHGHHHHHHHHHHHHHHHHHHHHHGGGHHHHHGHHGHHHHHHHHHHHHHGGGGGHHHHHHHHHHHHGHHHGGGGGHGHHGGGGGGGHHHHHHHHHHHGGHHHHHFHHHHHHHGGGHHHHHHHHHGGGHHHHHHHHGGGGGGGFGGGGGGGGGGGGGGGGGGGGGGFFFFFFFFFDFFFFFFFFFFFFFFFFFFFFB",
                "@SRR11140744.2 M01472:285:000000000-CYHNP:1:1101:20752:3564 length=238",
                "CGTACGAGCACGTCGCGAACCTGTAAAACAGGCAAACTGAGTTGGACGTGTGTTTTCTCGTTGAAACCAGGGACAAGGCTCTCCATCTTACCTTTCGGTCACACCCGGACGAAACCTAGATGTGCTGATGATCGGCTGCAACACGGACGAAACCGTAAGCAGCCTGCAGAAGATAGACGAGTTACTCGTGTCCTGTCAACGACAGTAATTAGTTATTAATTATACTGCGTGAGTGCAC"
            ]
        ],
        "meta": {
            "nf-test": "0.9.2",
            "nextflow": "25.04.6"
        },
        "timestamp": "2025-08-14T15:00:54.985177"
    }
}