{
    "Should create samplesheet and mappings": {
        "content": [
            {
                "0": [
                    "samplesheet.csv:md5,495dd8b44d2fcfabf9cd9dccfb1f2c81"
                ],
                "1": [
                    "id_mappings.csv:md5,d09ddb4f0709675e5dfe1eadf12c608f"
                ],
                "mappings": [
                    "id_mappings.csv:md5,d09ddb4f0709675e5dfe1eadf12c608f"
                ],
                "samplesheet": [
                    "samplesheet.csv:md5,495dd8b44d2fcfabf9cd9dccfb1f2c81"
                ]
            }
        ],
        "timestamp": "2026-08-13T11:21:17.565527779",
        "meta": {
            "nf-test": "0.9.5",
            "nextflow": "26.04.4"
        }
    }
}