{
    "Should run without failures": {
        "content": [
            {
                "0": [
                    "SRR13191702.runinfo.tsv:md5,3a1be35781ca6e8a28d8fd4d2f3bbe85"
                ],
                "1": [
                    "versions.yml:md5,452af3b6d74d1de88f851d78473df8d4"
                ],
                "tsv": [
                    "SRR13191702.runinfo.tsv:md5,3a1be35781ca6e8a28d8fd4d2f3bbe85"
                ],
                "versions": [
                    "versions.yml:md5,452af3b6d74d1de88f851d78473df8d4"
                ]
            }
        ],
        "meta": {
            "nf-test": "0.8.4",
            "nextflow": "24.04.4"
        },
        "timestamp": "2024-09-16T04:47:54.693964769"
    }
}