{
    "Should run without failures - stub": {
        "content": [
            {
                "0": [
                    [
                        {
                            "id": "SRX9626017_SRR13191702",
                            "single_end": false,
                            "md5_1": "89c5be920021a035084d8aeb74f32df7",
                            "md5_2": "56271be38a80db78ef3bdfc5d9909b98"
                        },
                        [
                            "SRX9626017_SRR13191702_1.fastq.gz:md5,68b329da9893e34099c7d8ad5cb9c940",
                            "SRX9626017_SRR13191702_2.fastq.gz:md5,68b329da9893e34099c7d8ad5cb9c940"
                        ]
                    ]
                ],
                "1": [
                    [
                        {
                            "id": "SRX9626017_SRR13191702",
                            "single_end": false,
                            "md5_1": "89c5be920021a035084d8aeb74f32df7",
                            "md5_2": "56271be38a80db78ef3bdfc5d9909b98"
                        },
                        [
                            "SRX9626017_SRR13191702_1.fastq.gz.md5:md5,d41d8cd98f00b204e9800998ecf8427e",
                            "SRX9626017_SRR13191702_2.fastq.gz.md5:md5,d41d8cd98f00b204e9800998ecf8427e"
                        ]
                    ]
                ],
                "2": [
                    [
                        "SRA_FASTQ_FTP",
                        "wget",
                        ""
                    ]
                ],
                "fastq": [
                    [
                        {
                            "id": "SRX9626017_SRR13191702",
                            "single_end": false,
                            "md5_1": "89c5be920021a035084d8aeb74f32df7",
                            "md5_2": "56271be38a80db78ef3bdfc5d9909b98"
                        },
                        [
                            "SRX9626017_SRR13191702_1.fastq.gz:md5,68b329da9893e34099c7d8ad5cb9c940",
                            "SRX9626017_SRR13191702_2.fastq.gz:md5,68b329da9893e34099c7d8ad5cb9c940"
                        ]
                    ]
                ],
                "md5": [
                    [
                        {
                            "id": "SRX9626017_SRR13191702",
                            "single_end": false,
                            "md5_1": "89c5be920021a035084d8aeb74f32df7",
                            "md5_2": "56271be38a80db78ef3bdfc5d9909b98"
                        },
                        [
                            "SRX9626017_SRR13191702_1.fastq.gz.md5:md5,d41d8cd98f00b204e9800998ecf8427e",
                            "SRX9626017_SRR13191702_2.fastq.gz.md5:md5,d41d8cd98f00b204e9800998ecf8427e"
                        ]
                    ]
                ],
                "versions_wget": [
                    [
                        "SRA_FASTQ_FTP",
                        "wget",
                        ""
                    ]
                ]
            }
        ],
        "timestamp": "2026-05-06T14:43:10.490481",
        "meta": {
            "nf-test": "0.9.5",
            "nextflow": "25.10.4"
        }
    },
    "Should run without failures": {
        "content": [
            {
                "0": [
                    
                ],
                "1": [
                    
                ],
                "2": [
                    
                ],
                "fastq": [
                    
                ],
                "md5": [
                    
                ],
                "versions_wget": [
                    
                ]
            }
        ],
        "timestamp": "2026-05-06T14:43:02.233981",
        "meta": {
            "nf-test": "0.9.5",
            "nextflow": "25.10.4"
        }
    }
}