{
    "Should run without failures": {
        "content": [
            {
                "0": [
                    
                ],
                "1": [
                    
                ],
                "2": [
                    
                ],
                "fastq": [
                    
                ],
                "md5": [
                    
                ],
                "versions": [
                    
                ]
            }
        ],
        "timestamp": "2023-12-19T21:44:01.92664"
    }
}