{
    "Should run without failures": {
        "content": [
            {
                "tsv": [
                    "SRR13191702.runinfo_ftp.tsv:md5,09922ad51b11d8394c78932360d5b2ad"
                ]
            }
        ],
        "timestamp": "2026-10-09T15:09:23.583481491",
        "meta": {
            "nf-test": "0.9.5",
            "nextflow": "26.09.2"
        }
    }
}