{
    "Should run without failures": {
        "content": [
            {
                "0": [
                    "SRR13191702.runinfo_ftp.tsv:md5,94378c448c044b3e20e5c54e442ab62e"
                ],
                "1": [
                    [
                        "SRA_RUNINFO_TO_FTP",
                        "python",
                        "3.9.5"
                    ]
                ],
                "tsv": [
                    "SRR13191702.runinfo_ftp.tsv:md5,94378c448c044b3e20e5c54e442ab62e"
                ],
                "versions_python": [
                    [
                        "SRA_RUNINFO_TO_FTP",
                        "python",
                        "3.9.5"
                    ]
                ]
            }
        ],
        "timestamp": "2026-05-06T16:02:10.236064039",
        "meta": {
            "nf-test": "0.9.5",
            "nextflow": "25.10.4"
        }
    }
}