{
    "Should handle edge cases like the original Python script": {
        "content": [
            {
                "0": [
                    "edge_cases.runinfo_ftp.tsv:md5,75716b92252af654253118feea6ca9a6"
                ]
            }
        ],
        "timestamp": "2026-10-09T16:55:59.728530659",
        "meta": {
            "nf-test": "0.9.5",
            "nextflow": "26.09.2"
        }
    },
    "Should run without failures": {
        "content": [
            {
                "0": [
                    "SRR13191702.runinfo_ftp.tsv:md5,94378c448c044b3e20e5c54e442ab62e"
                ]
            }
        ],
        "timestamp": "2026-10-09T16:25:28.024277976",
        "meta": {
            "nf-test": "0.9.5",
            "nextflow": "26.09.2"
        }
    }
}